Archive member included to satisfy reference by file (symbol)

C:/ST/STM32CubeIDE_1.14.0/STM32CubeIDE/plugins/com.st.stm32cube.ide.mcu.externaltools.gnu-tools-for-stm32.11.3.rel1.win32_1.1.100.202309141235/tools/bin/../lib/gcc/arm-none-eabi/11.3.1/../../../../arm-none-eabi/lib/thumb/v7e-m+fp/hard\libstdc++_nano.a(del_ops.o)
                              ./Core/Src/Servo.o (operator delete(void*, unsigned int))
C:/ST/STM32CubeIDE_1.14.0/STM32CubeIDE/plugins/com.st.stm32cube.ide.mcu.externaltools.gnu-tools-for-stm32.11.3.rel1.win32_1.1.100.202309141235/tools/bin/../lib/gcc/arm-none-eabi/11.3.1/../../../../arm-none-eabi/lib/thumb/v7e-m+fp/hard\libstdc++_nano.a(new_op.o)
                              ./Core/Src/Servo.o (operator new(unsigned int))
C:/ST/STM32CubeIDE_1.14.0/STM32CubeIDE/plugins/com.st.stm32cube.ide.mcu.externaltools.gnu-tools-for-stm32.11.3.rel1.win32_1.1.100.202309141235/tools/bin/../lib/gcc/arm-none-eabi/11.3.1/../../../../arm-none-eabi/lib/thumb/v7e-m+fp/hard\libstdc++_nano.a(functexcept.o)
                              ./Core/Src/Servo.o (std::__throw_bad_alloc())
C:/ST/STM32CubeIDE_1.14.0/STM32CubeIDE/plugins/com.st.stm32cube.ide.mcu.externaltools.gnu-tools-for-stm32.11.3.rel1.win32_1.1.100.202309141235/tools/bin/../lib/gcc/arm-none-eabi/11.3.1/../../../../arm-none-eabi/lib/thumb/v7e-m+fp/hard\libstdc++_nano.a(snprintf_lite.o)
                              C:/ST/STM32CubeIDE_1.14.0/STM32CubeIDE/plugins/com.st.stm32cube.ide.mcu.externaltools.gnu-tools-for-stm32.11.3.rel1.win32_1.1.100.202309141235/tools/bin/../lib/gcc/arm-none-eabi/11.3.1/../../../../arm-none-eabi/lib/thumb/v7e-m+fp/hard\libstdc++_nano.a(functexcept.o) (__gnu_cxx::__snprintf_lite(char*, unsigned int, char const*, std::__va_list))
C:/ST/STM32CubeIDE_1.14.0/STM32CubeIDE/plugins/com.st.stm32cube.ide.mcu.externaltools.gnu-tools-for-stm32.11.3.rel1.win32_1.1.100.202309141235/tools/bin/../lib/gcc/arm-none-eabi/11.3.1/../../../../arm-none-eabi/lib/thumb/v7e-m+fp/hard\libstdc++_nano.a(del_op.o)
                              C:/ST/STM32CubeIDE_1.14.0/STM32CubeIDE/plugins/com.st.stm32cube.ide.mcu.externaltools.gnu-tools-for-stm32.11.3.rel1.win32_1.1.100.202309141235/tools/bin/../lib/gcc/arm-none-eabi/11.3.1/../../../../arm-none-eabi/lib/thumb/v7e-m+fp/hard\libstdc++_nano.a(del_ops.o) (operator delete(void*))
C:/ST/STM32CubeIDE_1.14.0/STM32CubeIDE/plugins/com.st.stm32cube.ide.mcu.externaltools.gnu-tools-for-stm32.11.3.rel1.win32_1.1.100.202309141235/tools/bin/../lib/gcc/arm-none-eabi/11.3.1/../../../../arm-none-eabi/lib/thumb/v7e-m+fp/hard\libstdc++_nano.a(new_handler.o)
                              C:/ST/STM32CubeIDE_1.14.0/STM32CubeIDE/plugins/com.st.stm32cube.ide.mcu.externaltools.gnu-tools-for-stm32.11.3.rel1.win32_1.1.100.202309141235/tools/bin/../lib/gcc/arm-none-eabi/11.3.1/../../../../arm-none-eabi/lib/thumb/v7e-m+fp/hard\libstdc++_nano.a(new_op.o) (std::get_new_handler())
C:/ST/STM32CubeIDE_1.14.0/STM32CubeIDE/plugins/com.st.stm32cube.ide.mcu.externaltools.gnu-tools-for-stm32.11.3.rel1.win32_1.1.100.202309141235/tools/bin/../lib/gcc/arm-none-eabi/11.3.1/../../../../arm-none-eabi/lib/thumb/v7e-m+fp/hard\libc_nano.a(libc_a-abort.o)
                              C:/ST/STM32CubeIDE_1.14.0/STM32CubeIDE/plugins/com.st.stm32cube.ide.mcu.externaltools.gnu-tools-for-stm32.11.3.rel1.win32_1.1.100.202309141235/tools/bin/../lib/gcc/arm-none-eabi/11.3.1/../../../../arm-none-eabi/lib/thumb/v7e-m+fp/hard\libstdc++_nano.a(new_op.o) (abort)
C:/ST/STM32CubeIDE_1.14.0/STM32CubeIDE/plugins/com.st.stm32cube.ide.mcu.externaltools.gnu-tools-for-stm32.11.3.rel1.win32_1.1.100.202309141235/tools/bin/../lib/gcc/arm-none-eabi/11.3.1/../../../../arm-none-eabi/lib/thumb/v7e-m+fp/hard\libc_nano.a(libc_a-exit.o)
                              C:/ST/STM32CubeIDE_1.14.0/STM32CubeIDE/plugins/com.st.stm32cube.ide.mcu.externaltools.gnu-tools-for-stm32.11.3.rel1.win32_1.1.100.202309141235/tools/bin/../lib/gcc/arm-none-eabi/11.3.1/../../../../arm-none-eabi/lib/thumb/v7e-m+fp/hard/crt0.o (exit)
C:/ST/STM32CubeIDE_1.14.0/STM32CubeIDE/plugins/com.st.stm32cube.ide.mcu.externaltools.gnu-tools-for-stm32.11.3.rel1.win32_1.1.100.202309141235/tools/bin/../lib/gcc/arm-none-eabi/11.3.1/../../../../arm-none-eabi/lib/thumb/v7e-m+fp/hard\libc_nano.a(libc_a-malloc.o)
                              C:/ST/STM32CubeIDE_1.14.0/STM32CubeIDE/plugins/com.st.stm32cube.ide.mcu.externaltools.gnu-tools-for-stm32.11.3.rel1.win32_1.1.100.202309141235/tools/bin/../lib/gcc/arm-none-eabi/11.3.1/../../../../arm-none-eabi/lib/thumb/v7e-m+fp/hard\libstdc++_nano.a(new_op.o) (malloc)
C:/ST/STM32CubeIDE_1.14.0/STM32CubeIDE/plugins/com.st.stm32cube.ide.mcu.externaltools.gnu-tools-for-stm32.11.3.rel1.win32_1.1.100.202309141235/tools/bin/../lib/gcc/arm-none-eabi/11.3.1/../../../../arm-none-eabi/lib/thumb/v7e-m+fp/hard\libc_nano.a(libc_a-mallocr.o)
[...]
Memory Configuration

Name             Origin             Length             Attributes
CCMRAM           0x0000000010000000 0x0000000000010000 xrw
RAM              0x0000000020000000 0x0000000000030000 xrw
FLASH            0x0000000008000000 0x0000000000200000 xr
*default*        0x0000000000000000 0xffffffffffffffff

Linker script and memory map

LOAD C:/ST/STM32CubeIDE_1.14.0/STM32CubeIDE/plugins/com.st.stm32cube.ide.mcu.externaltools.gnu-tools-for-stm32.11.3.rel1.win32_1.1.100.202309141235/tools/bin/../lib/gcc/arm-none-eabi/11.3.1/thumb/v7e-m+fp/hard/crti.o
LOAD C:/ST/STM32CubeIDE_1.14.0/STM32CubeIDE/plugins/com.st.stm32cube.ide.mcu.externaltools.gnu-tools-for-stm32.11.3.rel1.win32_1.1.100.202309141235/tools/bin/../lib/gcc/arm-none-eabi/11.3.1/thumb/v7e-m+fp/hard/crtbegin.o
LOAD C:/ST/STM32CubeIDE_1.14.0/STM32CubeIDE/plugins/com.st.stm32cube.ide.mcu.externaltools.gnu-tools-for-stm32.11.3.rel1.win32_1.1.100.202309141235/tools/bin/../lib/gcc/arm-none-eabi/11.3.1/../../../../arm-none-eabi/lib/thumb/v7e-m+fp/hard/crt0.o
LOAD ./Core/Src/MCU.o
LOAD ./Core/Src/Servo.o
LOAD ./Core/Src/main.o
LOAD ./Core/Src/stm32f4xx_hal_msp.o
LOAD ./Core/Src/stm32f4xx_it.o
LOAD ./Core/Src/syscalls.o
LOAD ./Core/Src/sysmem.o
LOAD ./Core/Src/system_stm32f4xx.o
LOAD ./Core/Startup/startup_stm32f429zitx.o
LOAD ./Drivers/STM32F4xx_HAL_Driver/Src/stm32f4xx_hal.o
LOAD ./Drivers/STM32F4xx_HAL_Driver/Src/stm32f4xx_hal_cortex.o
LOAD ./Drivers/STM32F4xx_HAL_Driver/Src/stm32f4xx_hal_dma.o
LOAD ./Drivers/STM32F4xx_HAL_Driver/Src/stm32f4xx_hal_dma_ex.o
LOAD ./Drivers/STM32F4xx_HAL_Driver/Src/stm32f4xx_hal_exti.o
LOAD ./Drivers/STM32F4xx_HAL_Driver/Src/stm32f4xx_hal_flash.o
LOAD ./Drivers/STM32F4xx_HAL_Driver/Src/stm32f4xx_hal_flash_ex.o
LOAD ./Drivers/STM32F4xx_HAL_Driver/Src/stm32f4xx_hal_flash_ramfunc.o
LOAD ./Drivers/STM32F4xx_HAL_Driver/Src/stm32f4xx_hal_gpio.o
LOAD ./Drivers/STM32F4xx_HAL_Driver/Src/stm32f4xx_hal_pwr.o
LOAD ./Drivers/STM32F4xx_HAL_Driver/Src/stm32f4xx_hal_pwr_ex.o
LOAD ./Drivers/STM32F4xx_HAL_Driver/Src/stm32f4xx_hal_rcc.o
LOAD ./Drivers/STM32F4xx_HAL_Driver/Src/stm32f4xx_hal_rcc_ex.o
LOAD ./Drivers/STM32F4xx_HAL_Driver/Src/stm32f4xx_hal_tim.o
LOAD ./Drivers/STM32F4xx_HAL_Driver/Src/stm32f4xx_hal_tim_ex.o
LOAD ./Drivers/STM32F4xx_HAL_Driver/Src/stm32f4xx_hal_uart.o
START GROUP
LOAD C:/ST/STM32CubeIDE_1.14.0/STM32CubeIDE/plugins/com.st.stm32cube.ide.mcu.externaltools.gnu-tools-for-stm32.11.3.rel1.win32_1.1.100.202309141235/tools/bin/../lib/gcc/arm-none-eabi/11.3.1/../../../../arm-none-eabi/lib/thumb/v7e-m+fp/hard\libstdc++_nano.a
LOAD C:/ST/STM32CubeIDE_1.14.0/STM32CubeIDE/plugins/com.st.stm32cube.ide.mcu.externaltools.gnu-tools-for-stm32.11.3.rel1.win32_1.1.100.202309141235/tools/bin/../lib/gcc/arm-none-eabi/11.3.1/../../../../arm-none-eabi/lib/thumb/v7e-m+fp/hard\libsupc++_nano.a
END GROUP
LOAD C:/ST/STM32CubeIDE_1.14.0/STM32CubeIDE/plugins/com.st.stm32cube.ide.mcu.externaltools.gnu-tools-for-stm32.11.3.rel1.win32_1.1.100.202309141235/tools/bin/../lib/gcc/arm-none-eabi/11.3.1/../../../../arm-none-eabi/lib/thumb/v7e-m+fp/hard\libstdc++_nano.a
LOAD C:/ST/STM32CubeIDE_1.14.0/STM32CubeIDE/plugins/com.st.stm32cube.ide.mcu.externaltools.gnu-tools-for-stm32.11.3.rel1.win32_1.1.100.202309141235/tools/bin/../lib/gcc/arm-none-eabi/11.3.1/../../../../arm-none-eabi/lib/thumb/v7e-m+fp/hard\libm.a
LOAD C:/ST/STM32CubeIDE_1.14.0/STM32CubeIDE/plugins/com.st.stm32cube.ide.mcu.externaltools.gnu-tools-for-stm32.11.3.rel1.win32_1.1.100.202309141235/tools/bin/../lib/gcc/arm-none-eabi/11.3.1/../../../../arm-none-eabi/lib/thumb/v7e-m+fp/hard\libc_nano.a
START GROUP
LOAD C:/ST/STM32CubeIDE_1.14.0/STM32CubeIDE/plugins/com.st.stm32cube.ide.mcu.externaltools.gnu-tools-for-stm32.11.3.rel1.win32_1.1.100.202309141235/tools/bin/../lib/gcc/arm-none-eabi/11.3.1/thumb/v7e-m+fp/hard\libgcc.a
LOAD C:/ST/STM32CubeIDE_1.14.0/STM32CubeIDE/plugins/com.st.stm32cube.ide.mcu.externaltools.gnu-tools-for-stm32.11.3.rel1.win32_1.1.100.202309141235/tools/bin/../lib/gcc/arm-none-eabi/11.3.1/../../../../arm-none-eabi/lib/thumb/v7e-m+fp/hard\libc_nano.a
END GROUP
START GROUP
LOAD C:/ST/STM32CubeIDE_1.14.0/STM32CubeIDE/plugins/com.st.stm32cube.ide.mcu.externaltools.gnu-tools-for-stm32.11.3.rel1.win32_1.1.100.202309141235/tools/bin/../lib/gcc/arm-none-eabi/11.3.1/thumb/v7e-m+fp/hard\libgcc.a
LOAD C:/ST/STM32CubeIDE_1.14.0/STM32CubeIDE/plugins/com.st.stm32cube.ide.mcu.externaltools.gnu-tools-for-stm32.11.3.rel1.win32_1.1.100.202309141235/tools/bin/../lib/gcc/arm-none-eabi/11.3.1/../../../../arm-none-eabi/lib/thumb/v7e-m+fp/hard\libc_nano.a
LOAD C:/ST/STM32CubeIDE_1.14.0/STM32CubeIDE/plugins/com.st.stm32cube.ide.mcu.externaltools.gnu-tools-for-stm32.11.3.rel1.win32_1.1.100.202309141235/tools/bin/../lib/gcc/arm-none-eabi/11.3.1/../../../../arm-none-eabi/lib/thumb/v7e-m+fp/hard\libnosys.a
END GROUP
START GROUP
LOAD C:/ST/STM32CubeIDE_1.14.0/STM32CubeIDE/plugins/com.st.stm32cube.ide.mcu.externaltools.gnu-tools-for-stm32.11.3.rel1.win32_1.1.100.202309141235/tools/bin/../lib/gcc/arm-none-eabi/11.3.1/thumb/v7e-m+fp/hard\libgcc.a
LOAD C:/ST/STM32CubeIDE_1.14.0/STM32CubeIDE/plugins/com.st.stm32cube.ide.mcu.externaltools.gnu-tools-for-stm32.11.3.rel1.win32_1.1.100.202309141235/tools/bin/../lib/gcc/arm-none-eabi/11.3.1/../../../../arm-none-eabi/lib/thumb/v7e-m+fp/hard\libc_nano.a
LOAD C:/ST/STM32CubeIDE_1.14.0/STM32CubeIDE/plugins/com.st.stm32cube.ide.mcu.externaltools.gnu-tools-for-stm32.11.3.rel1.win32_1.1.100.202309141235/tools/bin/../lib/gcc/arm-none-eabi/11.3.1/../../../../arm-none-eabi/lib/thumb/v7e-m+fp/hard\libnosys.a
END GROUP
LOAD C:/ST/STM32CubeIDE_1.14.0/STM32CubeIDE/plugins/com.st.stm32cube.ide.mcu.externaltools.gnu-tools-for-stm32.11.3.rel1.win32_1.1.100.202309141235/tools/bin/../lib/gcc/arm-none-eabi/11.3.1/thumb/v7e-m+fp/hard/crtend.o
LOAD C:/ST/STM32CubeIDE_1.14.0/STM32CubeIDE/plugins/com.st.stm32cube.ide.mcu.externaltools.gnu-tools-for-stm32.11.3.rel1.win32_1.1.100.202309141235/tools/bin/../lib/gcc/arm-none-eabi/11.3.1/thumb/v7e-m+fp/hard/crtn.o
                0x0000000020030000                _estack = (ORIGIN (RAM) + LENGTH (RAM))
                0x0000000000000200                _Min_Heap_Size = 0x200
                0x0000000000000400                _Min_Stack_Size = 0x400

.isr_vector     0x0000000008000000      0x1ac
                0x0000000008000000                . = ALIGN (0x4)
 *(.isr_vector)
 .isr_vector    0x0000000008000000      0x1ac ./Core/Startup/startup_stm32f429zitx.o
                0x0000000008000000                g_pfnVectors
                0x00000000080001ac                . = ALIGN (0x4)

.text           0x00000000080001b0     0x3738
                0x00000000080001b0                . = ALIGN (0x4)
 *(.text)
 .text          0x00000000080001b0       0x40 C:/ST/STM32CubeIDE_1.14.0/STM32CubeIDE/plugins/com.st.stm32cube.ide.mcu.externaltools.gnu-tools-for-stm32.11.3.rel1.win32_1.1.100.202309141235/tools/bin/../lib/gcc/arm-none-eabi/11.3.1/thumb/v7e-m+fp/hard/crtbegin.o
 .text          0x00000000080001f0      0x424 C:/ST/STM32CubeIDE_1.14.0/STM32CubeIDE/plugins/com.st.stm32cube.ide.mcu.externaltools.gnu-tools-for-stm32.11.3.rel1.win32_1.1.100.202309141235/tools/bin/../lib/gcc/arm-none-eabi/11.3.1/thumb/v7e-m+fp/hard\libgcc.a(_arm_muldivdf3.o)
                0x00000000080001f0                __aeabi_dmul
                0x00000000080001f0                __muldf3
                0x0000000008000444                __divdf3
                0x0000000008000444                __aeabi_ddiv
 .text          0x0000000008000614       0x40 C:/ST/STM32CubeIDE_1.14.0/STM32CubeIDE/plugins/com.st.stm32cube.ide.mcu.externaltools.gnu-tools-for-stm32.11.3.rel1.win32_1.1.100.202309141235/tools/bin/../lib/gcc/arm-none-eabi/11.3.1/thumb/v7e-m+fp/hard\libgcc.a(_arm_fixunsdfsi.o)
                0x0000000008000614                __aeabi_d2uiz
                0x0000000008000614                __fixunsdfsi
 .text          0x0000000008000654       0x30 C:/ST/STM32CubeIDE_1.14.0/STM32CubeIDE/plugins/com.st.stm32cube.ide.mcu.externaltools.gnu-tools-for-stm32.11.3.rel1.win32_1.1.100.202309141235/tools/bin/../lib/gcc/arm-none-eabi/11.3.1/thumb/v7e-m+fp/hard\libgcc.a(_aeabi_uldivmod.o)
                0x0000000008000654                __aeabi_uldivmod
 .text          0x0000000008000684      0x2c8 C:/ST/STM32CubeIDE_1.14.0/STM32CubeIDE/plugins/com.st.stm32cube.ide.mcu.externaltools.gnu-tools-for-stm32.11.3.rel1.win32_1.1.100.202309141235/tools/bin/../lib/gcc/arm-none-eabi/11.3.1/thumb/v7e-m+fp/hard\libgcc.a(_udivmoddi4.o)
                0x0000000008000684                __udivmoddi4
 .text          0x000000000800094c        0x4 C:/ST/STM32CubeIDE_1.14.0/STM32CubeIDE/plugins/com.st.stm32cube.ide.mcu.externaltools.gnu-tools-for-stm32.11.3.rel1.win32_1.1.100.202309141235/tools/bin/../lib/gcc/arm-none-eabi/11.3.1/thumb/v7e-m+fp/hard\libgcc.a(_dvmd_tls.o)
                0x000000000800094c                __aeabi_idiv0
                0x000000000800094c                __aeabi_ldiv0
 *(.text*)
 .text._Z18mcu_uart5_transmitPKhh
                0x0000000008000950       0x2c ./Core/Src/MCU.o
                0x0000000008000950                mcu_uart5_transmit(unsigned char const*, unsigned char)
 .text._ZnwjPv  0x000000000800097c       0x18 ./Core/Src/Servo.o
                0x000000000800097c                operator new(unsigned int, void*)
 .text._ZN5ServoC2Eh
                0x0000000008000994       0x2c ./Core/Src/Servo.o
                0x0000000008000994                Servo::Servo(unsigned char)
                0x0000000008000994                Servo::Servo(unsigned char)
 .text._ZN5ServoD2Ev
                0x00000000080009c0       0x20 ./Core/Src/Servo.o
                0x00000000080009c0                Servo::~Servo()
                0x00000000080009c0                Servo::~Servo()
 .text._ZN5ServoD0Ev
                0x00000000080009e0       0x20 ./Core/Src/Servo.o
                0x00000000080009e0                Servo::~Servo()
 .text._ZNSt12_Vector_baseIhSaIhEE12_Vector_implD2Ev
                0x0000000008000a00       0x18 ./Core/Src/Servo.o
                0x0000000008000a00                std::_Vector_base<unsigned char, std::allocator<unsigned char> >::_Vector_impl::~_Vector_impl()
                0x0000000008000a00                std::_Vector_base<unsigned char, std::allocator<unsigned char> >::_Vector_impl::~_Vector_impl()
 .text._ZNSt12_Vector_baseIhSaIhEEC2Ev
                0x0000000008000a18       0x1a ./Core/Src/Servo.o
                0x0000000008000a18                std::_Vector_base<unsigned char, std::allocator<unsigned char> >::_Vector_base()
                0x0000000008000a18                std::_Vector_base<unsigned char, std::allocator<unsigned char> >::_Vector_base()
 .text._ZNSt6vectorIhSaIhEEC2Ev
                0x0000000008000a32       0x1a ./Core/Src/Servo.o
                0x0000000008000a32                std::vector<unsigned char, std::allocator<unsigned char> >::vector()
                0x0000000008000a32                std::vector<unsigned char, std::allocator<unsigned char> >::vector()
 .text._ZN5Servo12set_positionEddd
                0x0000000008000a4c       0xf2 ./Core/Src/Servo.o
                0x0000000008000a4c                Servo::set_position(double, double, double)
 .text._ZN5Servo18calculate_checksumERKSt6vectorIhSaIhEE
                0x0000000008000b3e       0x56 ./Core/Src/Servo.o
                0x0000000008000b3e                Servo::calculate_checksum(std::vector<unsigned char, std::allocator<unsigned char> > const&)
 *fill*         0x0000000008000b94        0x4 
 .text._ZN5Servo14degrees_to_rawEd
                0x0000000008000b98       0x64 ./Core/Src/Servo.o
                0x0000000008000b98                Servo::degrees_to_raw(double)
 .text._ZN5Servo12check_limitsERt
                0x0000000008000bfc       0x64 ./Core/Src/Servo.o
                0x0000000008000bfc                Servo::check_limits(unsigned short&)
 .text._ZN5Servo10set_memoryERKSt6vectorIhSaIhEENS_18ServoMemoryAddressE
                0x0000000008000c60      0x146 ./Core/Src/Servo.o
                0x0000000008000c60                Servo::set_memory(std::vector<unsigned char, std::allocator<unsigned char> > const&, Servo::ServoMemoryAddress)
 .text._ZNSt12_Vector_baseIhSaIhEE12_Vector_implC2Ev
                0x0000000008000da6       0x20 ./Core/Src/Servo.o
                0x0000000008000da6                std::_Vector_base<unsigned char, std::allocator<unsigned char> >::_Vector_impl::_Vector_impl()
                0x0000000008000da6                std::_Vector_base<unsigned char, std::allocator<unsigned char> >::_Vector_impl::_Vector_impl()
 .text._ZNSaIhED2Ev
                0x0000000008000dc6       0x18 ./Core/Src/Servo.o
                0x0000000008000dc6                std::allocator<unsigned char>::~allocator()
                0x0000000008000dc6                std::allocator<unsigned char>::~allocator()
 .text._ZNSt12_Vector_baseIhSaIhEED2Ev
                0x0000000008000dde       0x30 ./Core/Src/Servo.o
                0x0000000008000dde                std::_Vector_base<unsigned char, std::allocator<unsigned char> >::~_Vector_base()
                0x0000000008000dde                std::_Vector_base<unsigned char, std::allocator<unsigned char> >::~_Vector_base()
 .text._ZNSt6vectorIhSaIhEED2Ev
                0x0000000008000e0e       0x36 ./Core/Src/Servo.o
                0x0000000008000e0e                std::vector<unsigned char, std::allocator<unsigned char> >::~vector()
                0x0000000008000e0e                std::vector<unsigned char, std::allocator<unsigned char> >::~vector()
 .text._ZNSt6vectorIhSaIhEE9push_backEOh
                0x0000000008000e44       0x22 ./Core/Src/Servo.o
                0x0000000008000e44                std::vector<unsigned char, std::allocator<unsigned char> >::push_back(unsigned char&&)
 .text._ZNKSt6vectorIhSaIhEE4sizeEv
                0x0000000008000e66       0x1e ./Core/Src/Servo.o
                0x0000000008000e66                std::vector<unsigned char, std::allocator<unsigned char> >::size() const
 .text._ZNKSt6vectorIhSaIhEEixEj
                0x0000000008000e84       0x1e ./Core/Src/Servo.o
                0x0000000008000e84                std::vector<unsigned char, std::allocator<unsigned char> >::operator[](unsigned int) const
 .text._ZNSt6vectorIhSaIhEE9push_backERKh
                0x0000000008000ea2       0x4a ./Core/Src/Servo.o
                0x0000000008000ea2                std::vector<unsigned char, std::allocator<unsigned char> >::push_back(unsigned char const&)
 .text._ZNKSt6vectorIhSaIhEE5beginEv
                0x0000000008000eec       0x20 ./Core/Src/Servo.o
                0x0000000008000eec                std::vector<unsigned char, std::allocator<unsigned char> >::begin() const
 .text._ZNKSt6vectorIhSaIhEE3endEv
                0x0000000008000f0c       0x22 ./Core/Src/Servo.o
                0x0000000008000f0c                std::vector<unsigned char, std::allocator<unsigned char> >::end() const
 .text._ZN9__gnu_cxxneIPKhSt6vectorIhSaIhEEEEbRKNS_17__normal_iteratorIT_T0_EESB_
                0x0000000008000f2e       0x30 ./Core/Src/Servo.o
                0x0000000008000f2e                bool __gnu_cxx::operator!=<unsigned char const*, std::vector<unsigned char, std::allocator<unsigned char> > >(__gnu_cxx::__normal_iterator<unsigned char const*, std::vector<unsigned char, std::allocator<unsigned char> > > const&, __gnu_cxx::__normal_iterator<unsigned char const*, std::vector<unsigned char, std::allocator<unsigned char> > > const&)
 .text._ZN9__gnu_cxx17__normal_iteratorIPKhSt6vectorIhSaIhEEEppEv
                0x0000000008000f5e       0x20 ./Core/Src/Servo.o
                0x0000000008000f5e                __gnu_cxx::__normal_iterator<unsigned char const*, std::vector<unsigned char, std::allocator<unsigned char> > >::operator++()
 .text._ZNK9__gnu_cxx17__normal_iteratorIPKhSt6vectorIhSaIhEEEdeEv
                0x0000000008000f7e       0x18 ./Core/Src/Servo.o
                0x0000000008000f7e                __gnu_cxx::__normal_iterator<unsigned char const*, std::vector<unsigned char, std::allocator<unsigned char> > >::operator*() const
 .text._ZNSt6vectorIhSaIhEE4dataEv
                0x0000000008000f96       0x1e ./Core/Src/Servo.o
                0x0000000008000f96                std::vector<unsigned char, std::allocator<unsigned char> >::data()
 .text._ZNSaIhEC2Ev
                0x0000000008000fb4       0x18 ./Core/Src/Servo.o
                0x0000000008000fb4                std::allocator<unsigned char>::allocator()
                0x0000000008000fb4                std::allocator<unsigned char>::allocator()
 .text._ZNSt12_Vector_baseIhSaIhEE17_Vector_impl_dataC2Ev
                0x0000000008000fcc       0x28 ./Core/Src/Servo.o
                0x0000000008000fcc                std::_Vector_base<unsigned char, std::allocator<unsigned char> >::_Vector_impl_data::_Vector_impl_data()
                0x0000000008000fcc                std::_Vector_base<unsigned char, std::allocator<unsigned char> >::_Vector_impl_data::_Vector_impl_data()
 .text._ZN9__gnu_cxx13new_allocatorIhED2Ev
                0x0000000008000ff4       0x16 ./Core/Src/Servo.o
                0x0000000008000ff4                __gnu_cxx::new_allocator<unsigned char>::~new_allocator()
                0x0000000008000ff4                __gnu_cxx::new_allocator<unsigned char>::~new_allocator()
 .text._ZNSt12_Vector_baseIhSaIhEE13_M_deallocateEPhj
                0x000000000800100a       0x26 ./Core/Src/Servo.o
                0x000000000800100a                std::_Vector_base<unsigned char, std::allocator<unsigned char> >::_M_deallocate(unsigned char*, unsigned int)
 .text._ZNSt12_Vector_baseIhSaIhEE19_M_get_Tp_allocatorEv
                0x0000000008001030       0x16 ./Core/Src/Servo.o
                0x0000000008001030                std::_Vector_base<unsigned char, std::allocator<unsigned char> >::_M_get_Tp_allocator()
 .text._ZSt8_DestroyIPhhEvT_S1_RSaIT0_E
                0x0000000008001046       0x1c ./Core/Src/Servo.o
                0x0000000008001046                void std::_Destroy<unsigned char*, unsigned char>(unsigned char*, unsigned char*, std::allocator<unsigned char>&)
 .text._ZSt4moveIRhEONSt16remove_referenceIT_E4typeEOS2_
                0x0000000008001062       0x16 ./Core/Src/Servo.o
                0x0000000008001062                std::remove_reference<unsigned char&>::type&& std::move<unsigned char&>(unsigned char&)
 .text._ZNSt6vectorIhSaIhEE12emplace_backIJhEEERhDpOT_
                0x0000000008001078       0x64 ./Core/Src/Servo.o
                0x0000000008001078                unsigned char& std::vector<unsigned char, std::allocator<unsigned char> >::emplace_back<unsigned char>(unsigned char&&)
 .text._ZNSt16allocator_traitsISaIhEE9constructIhJRKhEEEvRS0_PT_DpOT0_
                0x00000000080010dc       0x26 ./Core/Src/Servo.o
                0x00000000080010dc                void std::allocator_traits<std::allocator<unsigned char> >::construct<unsigned char, unsigned char const&>(std::allocator<unsigned char>&, unsigned char*, unsigned char const&)
 .text._ZNSt6vectorIhSaIhEE3endEv
                0x0000000008001102       0x22 ./Core/Src/Servo.o
                0x0000000008001102                std::vector<unsigned char, std::allocator<unsigned char> >::end()
 .text._ZNSt6vectorIhSaIhEE17_M_realloc_insertIJRKhEEEvN9__gnu_cxx17__normal_iteratorIPhS1_EEDpOT_
                0x0000000008001124       0xf4 ./Core/Src/Servo.o
                0x0000000008001124                void std::vector<unsigned char, std::allocator<unsigned char> >::_M_realloc_insert<unsigned char const&>(__gnu_cxx::__normal_iterator<unsigned char*, std::vector<unsigned char, std::allocator<unsigned char> > >, unsigned char const&)
 .text._ZN9__gnu_cxx17__normal_iteratorIPKhSt6vectorIhSaIhEEEC2ERKS2_
                0x0000000008001218       0x20 ./Core/Src/Servo.o
                0x0000000008001218                __gnu_cxx::__normal_iterator<unsigned char const*, std::vector<unsigned char, std::allocator<unsigned char> > >::__normal_iterator(unsigned char const* const&)
                0x0000000008001218                __gnu_cxx::__normal_iterator<unsigned char const*, std::vector<unsigned char, std::allocator<unsigned char> > >::__normal_iterator(unsigned char const* const&)
 .text._ZNK9__gnu_cxx17__normal_iteratorIPKhSt6vectorIhSaIhEEE4baseEv
                0x0000000008001238       0x16 ./Core/Src/Servo.o
                0x0000000008001238                __gnu_cxx::__normal_iterator<unsigned char const*, std::vector<unsigned char, std::allocator<unsigned char> > >::base() const
 .text._ZNKSt6vectorIhSaIhEE11_M_data_ptrIhEEPT_S4_
                0x000000000800124e       0x18 ./Core/Src/Servo.o
                0x000000000800124e                unsigned char* std::vector<unsigned char, std::allocator<unsigned char> >::_M_data_ptr<unsigned char>(unsigned char*) const
 .text._ZN9__gnu_cxx13new_allocatorIhEC2Ev
                0x0000000008001266       0x16 ./Core/Src/Servo.o
                0x0000000008001266                __gnu_cxx::new_allocator<unsigned char>::new_allocator()
                0x0000000008001266                __gnu_cxx::new_allocator<unsigned char>::new_allocator()
 .text._ZNSt16allocator_traitsISaIhEE10deallocateERS0_Phj
                0x000000000800127c       0x1e ./Core/Src/Servo.o
                0x000000000800127c                std::allocator_traits<std::allocator<unsigned char> >::deallocate(std::allocator<unsigned char>&, unsigned char*, unsigned int)
 .text._ZSt8_DestroyIPhEvT_S1_
                0x000000000800129a       0x1a ./Core/Src/Servo.o
                0x000000000800129a                void std::_Destroy<unsigned char*>(unsigned char*, unsigned char*)
 .text._ZSt7forwardIhEOT_RNSt16remove_referenceIS0_E4typeE
                0x00000000080012b4       0x16 ./Core/Src/Servo.o
                0x00000000080012b4                unsigned char&& std::forward<unsigned char>(std::remove_reference<unsigned char>::type&)
 .text._ZNSt16allocator_traitsISaIhEE9constructIhJhEEEvRS0_PT_DpOT0_
                0x00000000080012ca       0x26 ./Core/Src/Servo.o
                0x00000000080012ca                void std::allocator_traits<std::allocator<unsigned char> >::construct<unsigned char, unsigned char>(std::allocator<unsigned char>&, unsigned char*, unsigned char&&)
 .text._ZNSt6vectorIhSaIhEE17_M_realloc_insertIJhEEEvN9__gnu_cxx17__normal_iteratorIPhS1_EEDpOT_
                0x00000000080012f0       0xf4 ./Core/Src/Servo.o
                0x00000000080012f0                void std::vector<unsigned char, std::allocator<unsigned char> >::_M_realloc_insert<unsigned char>(__gnu_cxx::__normal_iterator<unsigned char*, std::vector<unsigned char, std::allocator<unsigned char> > >, unsigned char&&)
 .text._ZNSt6vectorIhSaIhEE4backEv
                0x00000000080013e4       0x36 ./Core/Src/Servo.o
                0x00000000080013e4                std::vector<unsigned char, std::allocator<unsigned char> >::back()
 .text._ZSt7forwardIRKhEOT_RNSt16remove_referenceIS2_E4typeE
                0x000000000800141a       0x16 ./Core/Src/Servo.o
                0x000000000800141a                unsigned char const& std::forward<unsigned char const&>(std::remove_reference<unsigned char const&>::type&)
 .text._ZN9__gnu_cxx13new_allocatorIhE9constructIhJRKhEEEvPT_DpOT0_
                0x0000000008001430       0x2e ./Core/Src/Servo.o
                0x0000000008001430                void __gnu_cxx::new_allocator<unsigned char>::construct<unsigned char, unsigned char const&>(unsigned char*, unsigned char const&)
 .text._ZN9__gnu_cxx17__normal_iteratorIPhSt6vectorIhSaIhEEEC2ERKS1_
                0x000000000800145e       0x20 ./Core/Src/Servo.o
                0x000000000800145e                __gnu_cxx::__normal_iterator<unsigned char*, std::vector<unsigned char, std::allocator<unsigned char> > >::__normal_iterator(unsigned char* const&)
                0x000000000800145e                __gnu_cxx::__normal_iterator<unsigned char*, std::vector<unsigned char, std::allocator<unsigned char> > >::__normal_iterator(unsigned char* const&)
 .text._ZNKSt6vectorIhSaIhEE12_M_check_lenEjPKc
                0x000000000800147e       0x8e ./Core/Src/Servo.o
                0x000000000800147e                std::vector<unsigned char, std::allocator<unsigned char> >::_M_check_len(unsigned int, char const*) const
 .text._ZNSt6vectorIhSaIhEE5beginEv
                0x000000000800150c       0x20 ./Core/Src/Servo.o
                0x000000000800150c                std::vector<unsigned char, std::allocator<unsigned char> >::begin()
 .text._ZN9__gnu_cxxmiIPhSt6vectorIhSaIhEEEENS_17__normal_iteratorIT_T0_E15difference_typeERKS8_SB_
                0x000000000800152c       0x28 ./Core/Src/Servo.o
                0x000000000800152c                __gnu_cxx::__normal_iterator<unsigned char*, std::vector<unsigned char, std::allocator<unsigned char> > >::difference_type __gnu_cxx::operator-<unsigned char*, std::vector<unsigned char, std::allocator<unsigned char> > >(__gnu_cxx::__normal_iterator<unsigned char*, std::vector<unsigned char, std::allocator<unsigned char> > > const&, __gnu_cxx::__normal_iterator<unsigned char*, std::vector<unsigned char, std::allocator<unsigned char> > > const&)
 .text._ZNSt12_Vector_baseIhSaIhEE11_M_allocateEj
                0x0000000008001554       0x28 ./Core/Src/Servo.o
                0x0000000008001554                std::_Vector_base<unsigned char, std::allocator<unsigned char> >::_M_allocate(unsigned int)
 .text._ZNSt6vectorIhSaIhEE11_S_relocateEPhS2_S2_RS0_
                0x000000000800157c       0x28 ./Core/Src/Servo.o
                0x000000000800157c                std::vector<unsigned char, std::allocator<unsigned char> >::_S_relocate(unsigned char*, unsigned char*, unsigned char*, std::allocator<unsigned char>&)
 .text._ZNK9__gnu_cxx17__normal_iteratorIPhSt6vectorIhSaIhEEE4baseEv
                0x00000000080015a4       0x16 ./Core/Src/Servo.o
                0x00000000080015a4                __gnu_cxx::__normal_iterator<unsigned char*, std::vector<unsigned char, std::allocator<unsigned char> > >::base() const
 .text._ZN9__gnu_cxx13new_allocatorIhE10deallocateEPhj
                0x00000000080015ba       0x1a ./Core/Src/Servo.o
                0x00000000080015ba                __gnu_cxx::new_allocator<unsigned char>::deallocate(unsigned char*, unsigned int)
 .text._ZNSt12_Destroy_auxILb1EE9__destroyIPhEEvT_S3_
                0x00000000080015d4       0x16 ./Core/Src/Servo.o
                0x00000000080015d4                void std::_Destroy_aux<true>::__destroy<unsigned char*>(unsigned char*, unsigned char*)
 .text._ZN9__gnu_cxx13new_allocatorIhE9constructIhJhEEEvPT_DpOT0_
                0x00000000080015ea       0x2e ./Core/Src/Servo.o
                0x00000000080015ea                void __gnu_cxx::new_allocator<unsigned char>::construct<unsigned char, unsigned char>(unsigned char*, unsigned char&&)
 .text._ZNK9__gnu_cxx17__normal_iteratorIPhSt6vectorIhSaIhEEEmiEi
                0x0000000008001618       0x30 ./Core/Src/Servo.o
                0x0000000008001618                __gnu_cxx::__normal_iterator<unsigned char*, std::vector<unsigned char, std::allocator<unsigned char> > >::operator-(int) const
 .text._ZNK9__gnu_cxx17__normal_iteratorIPhSt6vectorIhSaIhEEEdeEv
                0x0000000008001648       0x18 ./Core/Src/Servo.o
                0x0000000008001648                __gnu_cxx::__normal_iterator<unsigned char*, std::vector<unsigned char, std::allocator<unsigned char> > >::operator*() const
 .text._ZNKSt6vectorIhSaIhEE8max_sizeEv
                0x0000000008001660       0x22 ./Core/Src/Servo.o
                0x0000000008001660                std::vector<unsigned char, std::allocator<unsigned char> >::max_size() const
 .text._ZSt3maxIjERKT_S2_S2_
                0x0000000008001682       0x28 ./Core/Src/Servo.o
                0x0000000008001682                unsigned int const& std::max<unsigned int>(unsigned int const&, unsigned int const&)
 .text._ZNSt16allocator_traitsISaIhEE8allocateERS0_j
                0x00000000080016aa       0x1e ./Core/Src/Servo.o
                0x00000000080016aa                std::allocator_traits<std::allocator<unsigned char> >::allocate(std::allocator<unsigned char>&, unsigned int)
 .text._ZNSt6vectorIhSaIhEE14_S_do_relocateEPhS2_S2_RS0_St17integral_constantIbLb1EE
                0x00000000080016c8       0x24 ./Core/Src/Servo.o
                0x00000000080016c8                std::vector<unsigned char, std::allocator<unsigned char> >::_S_do_relocate(unsigned char*, unsigned char*, unsigned char*, std::allocator<unsigned char>&, std::integral_constant<bool, true>)
 .text._ZNSt6vectorIhSaIhEE11_S_max_sizeERKS0_
                0x00000000080016ec       0x34 ./Core/Src/Servo.o
                0x00000000080016ec                std::vector<unsigned char, std::allocator<unsigned char> >::_S_max_size(std::allocator<unsigned char> const&)
 .text._ZNKSt12_Vector_baseIhSaIhEE19_M_get_Tp_allocatorEv
                0x0000000008001720       0x16 ./Core/Src/Servo.o
                0x0000000008001720                std::_Vector_base<unsigned char, std::allocator<unsigned char> >::_M_get_Tp_allocator() const
 .text._ZNK9__gnu_cxx13new_allocatorIhE11_M_max_sizeEv
                0x0000000008001736       0x18 ./Core/Src/Servo.o
                0x0000000008001736                __gnu_cxx::new_allocator<unsigned char>::_M_max_size() const
 .text._ZN9__gnu_cxx13new_allocatorIhE8allocateEjPKv
                0x000000000800174e       0x44 ./Core/Src/Servo.o
                0x000000000800174e                __gnu_cxx::new_allocator<unsigned char>::allocate(unsigned int, void const*)
 .text._ZSt12__relocate_aIPhS0_SaIhEET0_T_S3_S2_RT1_
                0x0000000008001792       0x3a ./Core/Src/Servo.o
                0x0000000008001792                unsigned char* std::__relocate_a<unsigned char*, unsigned char*, std::allocator<unsigned char> >(unsigned char*, unsigned char*, unsigned char*, std::allocator<unsigned char>&)
 .text._ZNSt16allocator_traitsISaIhEE8max_sizeERKS0_
                0x00000000080017cc       0x18 ./Core/Src/Servo.o
                0x00000000080017cc                std::allocator_traits<std::allocator<unsigned char> >::max_size(std::allocator<unsigned char> const&)
 .text._ZSt3minIjERKT_S2_S2_
                0x00000000080017e4       0x28 ./Core/Src/Servo.o
                0x00000000080017e4                unsigned int const& std::min<unsigned int>(unsigned int const&, unsigned int const&)
 .text._ZSt12__niter_baseIPhET_S1_
                0x000000000800180c       0x16 ./Core/Src/Servo.o
                0x000000000800180c                unsigned char* std::__niter_base<unsigned char*>(unsigned char*)
 .text._ZSt14__relocate_a_1IhhENSt9enable_ifIXsrSt24__is_bitwise_relocatableIT_vE5valueEPS2_E4typeES4_S4_S4_RSaIT0_E
                0x0000000008001822       0x36 ./Core/Src/Servo.o
                0x0000000008001822                std::enable_if<std::__is_bitwise_relocatable<unsigned char, void>::value, unsigned char*>::type std::__relocate_a_1<unsigned char, unsigned char>(unsigned char*, unsigned char*, unsigned char*, std::allocator<unsigned char>&)
 .text._ZNK9__gnu_cxx13new_allocatorIhE8max_sizeEv
                0x0000000008001858       0x18 ./Core/Src/Servo.o
                0x0000000008001858                __gnu_cxx::new_allocator<unsigned char>::max_size() const
 .text.main     0x0000000008001870       0x80 ./Core/Src/main.o
                0x0000000008001870                main
 .text._Z18SystemClock_Configv
                0x00000000080018f0      0x100 ./Core/Src/main.o
                0x00000000080018f0                SystemClock_Config()
 .text._ZL13MX_UART5_Initv
                0x00000000080019f0       0x60 ./Core/Src/main.o
 .text._ZL12MX_GPIO_Initv
                0x0000000008001a50       0x50 ./Core/Src/main.o
 .text.Error_Handler
                0x0000000008001aa0        0xa ./Core/Src/main.o
                0x0000000008001aa0                Error_Handler
 *fill*         0x0000000008001aaa        0x2 
 .text.HAL_MspInit
                0x0000000008001aac       0x50 ./Core/Src/stm32f4xx_hal_msp.o
                0x0000000008001aac                HAL_MspInit
 .text.HAL_UART_MspInit
                0x0000000008001afc       0x90 ./Core/Src/stm32f4xx_hal_msp.o
                0x0000000008001afc                HAL_UART_MspInit
 .text.NMI_Handler
                0x0000000008001b8c        0x6 ./Core/Src/stm32f4xx_it.o
                0x0000000008001b8c                NMI_Handler
 .text.HardFault_Handler
                0x0000000008001b92        0x6 ./Core/Src/stm32f4xx_it.o
                0x0000000008001b92                HardFault_Handler
 .text.MemManage_Handler
                0x0000000008001b98        0x6 ./Core/Src/stm32f4xx_it.o
                0x0000000008001b98                MemManage_Handler
 .text.BusFault_Handler
                0x0000000008001b9e        0x6 ./Core/Src/stm32f4xx_it.o
                0x0000000008001b9e                BusFault_Handler
 .text.UsageFault_Handler
                0x0000000008001ba4        0x6 ./Core/Src/stm32f4xx_it.o
                0x0000000008001ba4                UsageFault_Handler
 .text.SVC_Handler
                0x0000000008001baa        0xe ./Core/Src/stm32f4xx_it.o
                0x0000000008001baa                SVC_Handler
 .text.DebugMon_Handler
                0x0000000008001bb8        0xe ./Core/Src/stm32f4xx_it.o
                0x0000000008001bb8                DebugMon_Handler
 .text.PendSV_Handler
                0x0000000008001bc6        0xe ./Core/Src/stm32f4xx_it.o
                0x0000000008001bc6                PendSV_Handler
 .text.SysTick_Handler
                0x0000000008001bd4        0xc ./Core/Src/stm32f4xx_it.o
                0x0000000008001bd4                SysTick_Handler
 .text._getpid  0x0000000008001be0       0x10 ./Core/Src/syscalls.o
                0x0000000008001be0                _getpid
 .text._kill    0x0000000008001bf0       0x20 ./Core/Src/syscalls.o
                0x0000000008001bf0                _kill
 .text._exit    0x0000000008001c10       0x14 ./Core/Src/syscalls.o
                0x0000000008001c10                _exit
 .text._sbrk    0x0000000008001c24       0x6c ./Core/Src/sysmem.o
                0x0000000008001c24                _sbrk
 .text.SystemInit
                0x0000000008001c90       0x24 ./Core/Src/system_stm32f4xx.o
                0x0000000008001c90                SystemInit
 .text.Reset_Handler
                0x0000000008001cb4       0x50 ./Core/Startup/startup_stm32f429zitx.o
                0x0000000008001cb4                Reset_Handler
 .text.Default_Handler
                0x0000000008001d04        0x2 ./Core/Startup/startup_stm32f429zitx.o
                0x0000000008001d04                RTC_Alarm_IRQHandler
                0x0000000008001d04                HASH_RNG_IRQHandler
                0x0000000008001d04                EXTI2_IRQHandler
                0x0000000008001d04                TIM8_CC_IRQHandler
                0x0000000008001d04                UART8_IRQHandler
                0x0000000008001d04                SPI4_IRQHandler
                0x0000000008001d04                TIM1_CC_IRQHandler
                0x0000000008001d04                DMA2_Stream5_IRQHandler
                0x0000000008001d04                DMA1_Stream5_IRQHandler
                0x0000000008001d04                PVD_IRQHandler
                0x0000000008001d04                SDIO_IRQHandler
                0x0000000008001d04                TAMP_STAMP_IRQHandler
                0x0000000008001d04                CAN2_RX1_IRQHandler
                0x0000000008001d04                EXTI3_IRQHandler
                0x0000000008001d04                TIM8_TRG_COM_TIM14_IRQHandler
                0x0000000008001d04                TIM1_UP_TIM10_IRQHandler
                0x0000000008001d04                TIM8_UP_TIM13_IRQHandler
                0x0000000008001d04                I2C3_ER_IRQHandler
                0x0000000008001d04                EXTI0_IRQHandler
                0x0000000008001d04                I2C2_EV_IRQHandler
                0x0000000008001d04                DMA1_Stream2_IRQHandler
                0x0000000008001d04                CAN1_RX0_IRQHandler
                0x0000000008001d04                FPU_IRQHandler
                0x0000000008001d04                OTG_HS_WKUP_IRQHandler
                0x0000000008001d04                LTDC_ER_IRQHandler
                0x0000000008001d04                CAN2_SCE_IRQHandler
                0x0000000008001d04                DMA2_Stream2_IRQHandler
                0x0000000008001d04                SPI1_IRQHandler
                0x0000000008001d04                TIM6_DAC_IRQHandler
                0x0000000008001d04                TIM1_BRK_TIM9_IRQHandler
                0x0000000008001d04                DCMI_IRQHandler
                0x0000000008001d04                CAN2_RX0_IRQHandler
                0x0000000008001d04                DMA2_Stream3_IRQHandler
                0x0000000008001d04                USART6_IRQHandler
                0x0000000008001d04                USART3_IRQHandler
                0x0000000008001d04                CAN1_RX1_IRQHandler
                0x0000000008001d04                UART5_IRQHandler
                0x0000000008001d04                DMA2_Stream0_IRQHandler
                0x0000000008001d04                TIM4_IRQHandler
                0x0000000008001d04                I2C1_EV_IRQHandler
                0x0000000008001d04                DMA1_Stream6_IRQHandler
                0x0000000008001d04                DMA1_Stream1_IRQHandler
                0x0000000008001d04                UART4_IRQHandler
                0x0000000008001d04                TIM3_IRQHandler
                0x0000000008001d04                RCC_IRQHandler
                0x0000000008001d04                TIM8_BRK_TIM12_IRQHandler
                0x0000000008001d04                Default_Handler
                0x0000000008001d04                EXTI15_10_IRQHandler
                0x0000000008001d04                ADC_IRQHandler
                0x0000000008001d04                DMA1_Stream7_IRQHandler
                0x0000000008001d04                SPI5_IRQHandler
                0x0000000008001d04                TIM7_IRQHandler
                0x0000000008001d04                CAN2_TX_IRQHandler
                0x0000000008001d04                TIM5_IRQHandler
                0x0000000008001d04                DMA2_Stream7_IRQHandler
                0x0000000008001d04                I2C3_EV_IRQHandler
                0x0000000008001d04                EXTI9_5_IRQHandler
                0x0000000008001d04                RTC_WKUP_IRQHandler
                0x0000000008001d04                LTDC_IRQHandler
                0x0000000008001d04                ETH_WKUP_IRQHandler
                0x0000000008001d04                SPI2_IRQHandler
                0x0000000008001d04                OTG_HS_EP1_IN_IRQHandler
                0x0000000008001d04                DMA1_Stream0_IRQHandler
                0x0000000008001d04                CAN1_TX_IRQHandler
                0x0000000008001d04                EXTI4_IRQHandler
                0x0000000008001d04                ETH_IRQHandler
                0x0000000008001d04                OTG_HS_EP1_OUT_IRQHandler
                0x0000000008001d04                WWDG_IRQHandler
                0x0000000008001d04                SPI6_IRQHandler
                0x0000000008001d04                TIM2_IRQHandler
                0x0000000008001d04                OTG_FS_WKUP_IRQHandler
                0x0000000008001d04                TIM1_TRG_COM_TIM11_IRQHandler
                0x0000000008001d04                OTG_HS_IRQHandler
                0x0000000008001d04                DMA2D_IRQHandler
                0x0000000008001d04                EXTI1_IRQHandler
                0x0000000008001d04                UART7_IRQHandler
                0x0000000008001d04                USART2_IRQHandler
                0x0000000008001d04                I2C2_ER_IRQHandler
                0x0000000008001d04                DMA2_Stream1_IRQHandler
                0x0000000008001d04                CAN1_SCE_IRQHandler
                0x0000000008001d04                FLASH_IRQHandler
                0x0000000008001d04                DMA2_Stream4_IRQHandler
                0x0000000008001d04                USART1_IRQHandler
                0x0000000008001d04                OTG_FS_IRQHandler
                0x0000000008001d04                SPI3_IRQHandler
                0x0000000008001d04                DMA1_Stream4_IRQHandler
                0x0000000008001d04                I2C1_ER_IRQHandler
                0x0000000008001d04                FMC_IRQHandler
                0x0000000008001d04                DMA2_Stream6_IRQHandler
                0x0000000008001d04                SAI1_IRQHandler
                0x0000000008001d04                DMA1_Stream3_IRQHandler
 *fill*         0x0000000008001d06        0x2 
 .text.HAL_Init
                0x0000000008001d08       0x44 ./Drivers/STM32F4xx_HAL_Driver/Src/stm32f4xx_hal.o
                0x0000000008001d08                HAL_Init
 .text.HAL_InitTick
                0x0000000008001d4c       0x60 ./Drivers/STM32F4xx_HAL_Driver/Src/stm32f4xx_hal.o
                0x0000000008001d4c                HAL_InitTick
 .text.HAL_IncTick
                0x0000000008001dac       0x28 ./Drivers/STM32F4xx_HAL_Driver/Src/stm32f4xx_hal.o
                0x0000000008001dac                HAL_IncTick
 .text.HAL_GetTick
                0x0000000008001dd4       0x18 ./Drivers/STM32F4xx_HAL_Driver/Src/stm32f4xx_hal.o
                0x0000000008001dd4                HAL_GetTick
 .text.HAL_Delay
                0x0000000008001dec       0x48 ./Drivers/STM32F4xx_HAL_Driver/Src/stm32f4xx_hal.o
                0x0000000008001dec                HAL_Delay
 .text.__NVIC_SetPriorityGrouping
                0x0000000008001e34       0x48 ./Drivers/STM32F4xx_HAL_Driver/Src/stm32f4xx_hal_cortex.o
 .text.__NVIC_GetPriorityGrouping
                0x0000000008001e7c       0x1c ./Drivers/STM32F4xx_HAL_Driver/Src/stm32f4xx_hal_cortex.o
 .text.__NVIC_SetPriority
                0x0000000008001e98       0x54 ./Drivers/STM32F4xx_HAL_Driver/Src/stm32f4xx_hal_cortex.o
 .text.NVIC_EncodePriority
                0x0000000008001eec       0x66 ./Drivers/STM32F4xx_HAL_Driver/Src/stm32f4xx_hal_cortex.o
 *fill*         0x0000000008001f52        0x2 
 .text.SysTick_Config
                0x0000000008001f54       0x44 ./Drivers/STM32F4xx_HAL_Driver/Src/stm32f4xx_hal_cortex.o
 .text.HAL_NVIC_SetPriorityGrouping
                0x0000000008001f98       0x16 ./Drivers/STM32F4xx_HAL_Driver/Src/stm32f4xx_hal_cortex.o
                0x0000000008001f98                HAL_NVIC_SetPriorityGrouping
 .text.HAL_NVIC_SetPriority
                0x0000000008001fae       0x38 ./Drivers/STM32F4xx_HAL_Driver/Src/stm32f4xx_hal_cortex.o
                0x0000000008001fae                HAL_NVIC_SetPriority
 .text.HAL_SYSTICK_Config
                0x0000000008001fe6       0x18 ./Drivers/STM32F4xx_HAL_Driver/Src/stm32f4xx_hal_cortex.o
                0x0000000008001fe6                HAL_SYSTICK_Config
 *fill*         0x0000000008001ffe        0x2 
 .text.HAL_GPIO_Init
                0x0000000008002000      0x358 ./Drivers/STM32F4xx_HAL_Driver/Src/stm32f4xx_hal_gpio.o
                0x0000000008002000                HAL_GPIO_Init
 .text.HAL_PWREx_EnableOverDrive
                0x0000000008002358       0xa0 ./Drivers/STM32F4xx_HAL_Driver/Src/stm32f4xx_hal_pwr_ex.o
                0x0000000008002358                HAL_PWREx_EnableOverDrive
 .text.HAL_RCC_OscConfig
                0x00000000080023f8      0x4f0 ./Drivers/STM32F4xx_HAL_Driver/Src/stm32f4xx_hal_rcc.o
                0x00000000080023f8                HAL_RCC_OscConfig
 .text.HAL_RCC_ClockConfig
                0x00000000080028e8      0x1cc ./Drivers/STM32F4xx_HAL_Driver/Src/stm32f4xx_hal_rcc.o
                0x00000000080028e8                HAL_RCC_ClockConfig
 .text.HAL_RCC_GetSysClockFreq
                0x0000000008002ab4      0x20c ./Drivers/STM32F4xx_HAL_Driver/Src/stm32f4xx_hal_rcc.o
                0x0000000008002ab4                HAL_RCC_GetSysClockFreq
 .text.HAL_RCC_GetHCLKFreq
                0x0000000008002cc0       0x18 ./Drivers/STM32F4xx_HAL_Driver/Src/stm32f4xx_hal_rcc.o
                0x0000000008002cc0                HAL_RCC_GetHCLKFreq
 .text.HAL_RCC_GetPCLK1Freq
                0x0000000008002cd8       0x28 ./Drivers/STM32F4xx_HAL_Driver/Src/stm32f4xx_hal_rcc.o
                0x0000000008002cd8                HAL_RCC_GetPCLK1Freq
 .text.HAL_RCC_GetPCLK2Freq
                0x0000000008002d00       0x28 ./Drivers/STM32F4xx_HAL_Driver/Src/stm32f4xx_hal_rcc.o
                0x0000000008002d00                HAL_RCC_GetPCLK2Freq
 .text.HAL_HalfDuplex_Init
                0x0000000008002d28       0xaa ./Drivers/STM32F4xx_HAL_Driver/Src/stm32f4xx_hal_uart.o
                0x0000000008002d28                HAL_HalfDuplex_Init
 .text.HAL_UART_Transmit
                0x0000000008002dd2      0x124 ./Drivers/STM32F4xx_HAL_Driver/Src/stm32f4xx_hal_uart.o
                0x0000000008002dd2                HAL_UART_Transmit
 .text.HAL_HalfDuplex_EnableTransmitter
                0x0000000008002ef6       0x68 ./Drivers/STM32F4xx_HAL_Driver/Src/stm32f4xx_hal_uart.o
                0x0000000008002ef6                HAL_HalfDuplex_EnableTransmitter
 .text.UART_WaitOnFlagUntilTimeout
                0x0000000008002f5e       0xdc ./Drivers/STM32F4xx_HAL_Driver/Src/stm32f4xx_hal_uart.o
 *fill*         0x000000000800303a        0x2 
 .text.UART_SetConfig
                0x000000000800303c      0x4e8 ./Drivers/STM32F4xx_HAL_Driver/Src/stm32f4xx_hal_uart.o
 .text._ZdlPvj  0x0000000008003524        0x4 C:/ST/STM32CubeIDE_1.14.0/STM32CubeIDE/plugins/com.st.stm32cube.ide.mcu.externaltools.gnu-tools-for-stm32.11.3.rel1.win32_1.1.100.202309141235/tools/bin/../lib/gcc/arm-none-eabi/11.3.1/../../../../arm-none-eabi/lib/thumb/v7e-m+fp/hard\libstdc++_nano.a(del_ops.o)
                0x0000000008003524                operator delete(void*, unsigned int)
 .text._Znwj    0x0000000008003528       0x22 C:/ST/STM32CubeIDE_1.14.0/STM32CubeIDE/plugins/com.st.stm32cube.ide.mcu.externaltools.gnu-tools-for-stm32.11.3.rel1.win32_1.1.100.202309141235/tools/bin/../lib/gcc/arm-none-eabi/11.3.1/../../../../arm-none-eabi/lib/thumb/v7e-m+fp/hard\libstdc++_nano.a(new_op.o)
                0x0000000008003528                operator new(unsigned int)
 .text.unlikely._ZSt17__throw_bad_allocv
                0x000000000800354a        0x6 C:/ST/STM32CubeIDE_1.14.0/STM32CubeIDE/plugins/com.st.stm32cube.ide.mcu.externaltools.gnu-tools-for-stm32.11.3.rel1.win32_1.1.100.202309141235/tools/bin/../lib/gcc/arm-none-eabi/11.3.1/../../../../arm-none-eabi/lib/thumb/v7e-m+fp/hard\libstdc++_nano.a(functexcept.o)
                0x000000000800354a                std::__throw_bad_alloc()
 .text.unlikely._ZSt20__throw_length_errorPKc
                0x0000000008003550        0x6 C:/ST/STM32CubeIDE_1.14.0/STM32CubeIDE/plugins/com.st.stm32cube.ide.mcu.externaltools.gnu-tools-for-stm32.11.3.rel1.win32_1.1.100.202309141235/tools/bin/../lib/gcc/arm-none-eabi/11.3.1/../../../../arm-none-eabi/lib/thumb/v7e-m+fp/hard\libstdc++_nano.a(functexcept.o)
                0x0000000008003550                std::__throw_length_error(char const*)
 .text._ZdlPv   0x0000000008003556        0x4 C:/ST/STM32CubeIDE_1.14.0/STM32CubeIDE/plugins/com.st.stm32cube.ide.mcu.externaltools.gnu-tools-for-stm32.11.3.rel1.win32_1.1.100.202309141235/tools/bin/../lib/gcc/arm-none-eabi/11.3.1/../../../../arm-none-eabi/lib/thumb/v7e-m+fp/hard\libstdc++_nano.a(del_op.o)
                0x0000000008003556                operator delete(void*)
 *fill*         0x000000000800355a        0x2 
 .text._ZSt15get_new_handlerv
                0x000000000800355c       0x10 C:/ST/STM32CubeIDE_1.14.0/STM32CubeIDE/plugins/com.st.stm32cube.ide.mcu.externaltools.gnu-tools-for-stm32.11.3.rel1.win32_1.1.100.202309141235/tools/bin/../lib/gcc/arm-none-eabi/11.3.1/../../../../arm-none-eabi/lib/thumb/v7e-m+fp/hard\libstdc++_nano.a(new_handler.o)
                0x000000000800355c                std::get_new_handler()
 .text.abort    0x000000000800356c        0xe C:/ST/STM32CubeIDE_1.14.0/STM32CubeIDE/plugins/com.st.stm32cube.ide.mcu.externaltools.gnu-tools-for-stm32.11.3.rel1.win32_1.1.100.202309141235/tools/bin/../lib/gcc/arm-none-eabi/11.3.1/../../../../arm-none-eabi/lib/thumb/v7e-m+fp/hard\libc_nano.a(libc_a-abort.o)
                0x000000000800356c                abort
 *fill*         0x000000000800357a        0x2 
 .text.malloc   0x000000000800357c       0x10 C:/ST/STM32CubeIDE_1.14.0/STM32CubeIDE/plugins/com.st.stm32cube.ide.mcu.externaltools.gnu-tools-for-stm32.11.3.rel1.win32_1.1.100.202309141235/tools/bin/../lib/gcc/arm-none-eabi/11.3.1/../../../../arm-none-eabi/lib/thumb/v7e-m+fp/hard\libc_nano.a(libc_a-malloc.o)
                0x000000000800357c                malloc
 .text.free     0x000000000800358c       0x10 C:/ST/STM32CubeIDE_1.14.0/STM32CubeIDE/plugins/com.st.stm32cube.ide.mcu.externaltools.gnu-tools-for-stm32.11.3.rel1.win32_1.1.100.202309141235/tools/bin/../lib/gcc/arm-none-eabi/11.3.1/../../../../arm-none-eabi/lib/thumb/v7e-m+fp/hard\libc_nano.a(libc_a-malloc.o)
                0x000000000800358c                free
 .text.sbrk_aligned
                0x000000000800359c       0x40 C:/ST/STM32CubeIDE_1.14.0/STM32CubeIDE/plugins/com.st.stm32cube.ide.mcu.externaltools.gnu-tools-for-stm32.11.3.rel1.win32_1.1.100.202309141235/tools/bin/../lib/gcc/arm-none-eabi/11.3.1/../../../../arm-none-eabi/lib/thumb/v7e-m+fp/hard\libc_nano.a(libc_a-mallocr.o)
 .text._malloc_r
                0x00000000080035dc      0x100 C:/ST/STM32CubeIDE_1.14.0/STM32CubeIDE/plugins/com.st.stm32cube.ide.mcu.externaltools.gnu-tools-for-stm32.11.3.rel1.win32_1.1.100.202309141235/tools/bin/../lib/gcc/arm-none-eabi/11.3.1/../../../../arm-none-eabi/lib/thumb/v7e-m+fp/hard\libc_nano.a(libc_a-mallocr.o)
                0x00000000080035dc                _malloc_r
 .text.__malloc_lock
                0x00000000080036dc        0xc C:/ST/STM32CubeIDE_1.14.0/STM32CubeIDE/plugins/com.st.stm32cube.ide.mcu.externaltools.gnu-tools-for-stm32.11.3.rel1.win32_1.1.100.202309141235/tools/bin/../lib/gcc/arm-none-eabi/11.3.1/../../../../arm-none-eabi/lib/thumb/v7e-m+fp/hard\libc_nano.a(libc_a-mlock.o)
                0x00000000080036dc                __malloc_lock
 .text.__malloc_unlock
                0x00000000080036e8        0xc C:/ST/STM32CubeIDE_1.14.0/STM32CubeIDE/plugins/com.st.stm32cube.ide.mcu.externaltools.gnu-tools-for-stm32.11.3.rel1.win32_1.1.100.202309141235/tools/bin/../lib/gcc/arm-none-eabi/11.3.1/../../../../arm-none-eabi/lib/thumb/v7e-m+fp/hard\libc_nano.a(libc_a-mlock.o)
                0x00000000080036e8                __malloc_unlock
 .text.memmove  0x00000000080036f4       0x34 C:/ST/STM32CubeIDE_1.14.0/STM32CubeIDE/plugins/com.st.stm32cube.ide.mcu.externaltools.gnu-tools-for-stm32.11.3.rel1.win32_1.1.100.202309141235/tools/bin/../lib/gcc/arm-none-eabi/11.3.1/../../../../arm-none-eabi/lib/thumb/v7e-m+fp/hard\libc_nano.a(libc_a-memmove.o)
                0x00000000080036f4                memmove
 .text.memset   0x0000000008003728       0x10 C:/ST/STM32CubeIDE_1.14.0/STM32CubeIDE/plugins/com.st.stm32cube.ide.mcu.externaltools.gnu-tools-for-stm32.11.3.rel1.win32_1.1.100.202309141235/tools/bin/../lib/gcc/arm-none-eabi/11.3.1/../../../../arm-none-eabi/lib/thumb/v7e-m+fp/hard\libc_nano.a(libc_a-memset.o)
                0x0000000008003728                memset
 .text._raise_r
                0x0000000008003738       0x50 C:/ST/STM32CubeIDE_1.14.0/STM32CubeIDE/plugins/com.st.stm32cube.ide.mcu.externaltools.gnu-tools-for-stm32.11.3.rel1.win32_1.1.100.202309141235/tools/bin/../lib/gcc/arm-none-eabi/11.3.1/../../../../arm-none-eabi/lib/thumb/v7e-m+fp/hard\libc_nano.a(libc_a-signal.o)
                0x0000000008003738                _raise_r
 .text.raise    0x0000000008003788       0x10 C:/ST/STM32CubeIDE_1.14.0/STM32CubeIDE/plugins/com.st.stm32cube.ide.mcu.externaltools.gnu-tools-for-stm32.11.3.rel1.win32_1.1.100.202309141235/tools/bin/../lib/gcc/arm-none-eabi/11.3.1/../../../../arm-none-eabi/lib/thumb/v7e-m+fp/hard\libc_nano.a(libc_a-signal.o)
                0x0000000008003788                raise
 .text._kill_r  0x0000000008003798       0x24 C:/ST/STM32CubeIDE_1.14.0/STM32CubeIDE/plugins/com.st.stm32cube.ide.mcu.externaltools.gnu-tools-for-stm32.11.3.rel1.win32_1.1.100.202309141235/tools/bin/../lib/gcc/arm-none-eabi/11.3.1/../../../../arm-none-eabi/lib/thumb/v7e-m+fp/hard\libc_nano.a(libc_a-signalr.o)
                0x0000000008003798                _kill_r
 .text._getpid_r
                0x00000000080037bc        0x4 C:/ST/STM32CubeIDE_1.14.0/STM32CubeIDE/plugins/com.st.stm32cube.ide.mcu.externaltools.gnu-tools-for-stm32.11.3.rel1.win32_1.1.100.202309141235/tools/bin/../lib/gcc/arm-none-eabi/11.3.1/../../../../arm-none-eabi/lib/thumb/v7e-m+fp/hard\libc_nano.a(libc_a-signalr.o)
                0x00000000080037bc                _getpid_r
 .text._sbrk_r  0x00000000080037c0       0x20 C:/ST/STM32CubeIDE_1.14.0/STM32CubeIDE/plugins/com.st.stm32cube.ide.mcu.externaltools.gnu-tools-for-stm32.11.3.rel1.win32_1.1.100.202309141235/tools/bin/../lib/gcc/arm-none-eabi/11.3.1/../../../../arm-none-eabi/lib/thumb/v7e-m+fp/hard\libc_nano.a(libc_a-sbrkr.o)
                0x00000000080037c0                _sbrk_r
 .text.__errno  0x00000000080037e0        0xc C:/ST/STM32CubeIDE_1.14.0/STM32CubeIDE/plugins/com.st.stm32cube.ide.mcu.externaltools.gnu-tools-for-stm32.11.3.rel1.win32_1.1.100.202309141235/tools/bin/../lib/gcc/arm-none-eabi/11.3.1/../../../../arm-none-eabi/lib/thumb/v7e-m+fp/hard\libc_nano.a(libc_a-errno.o)
                0x00000000080037e0                __errno
 .text.__libc_init_array
                0x00000000080037ec       0x48 C:/ST/STM32CubeIDE_1.14.0/STM32CubeIDE/plugins/com.st.stm32cube.ide.mcu.externaltools.gnu-tools-for-stm32.11.3.rel1.win32_1.1.100.202309141235/tools/bin/../lib/gcc/arm-none-eabi/11.3.1/../../../../arm-none-eabi/lib/thumb/v7e-m+fp/hard\libc_nano.a(libc_a-init.o)
                0x00000000080037ec                __libc_init_array
 .text.__retarget_lock_acquire_recursive
                0x0000000008003834        0x2 C:/ST/STM32CubeIDE_1.14.0/STM32CubeIDE/plugins/com.st.stm32cube.ide.mcu.externaltools.gnu-tools-for-stm32.11.3.rel1.win32_1.1.100.202309141235/tools/bin/../lib/gcc/arm-none-eabi/11.3.1/../../../../arm-none-eabi/lib/thumb/v7e-m+fp/hard\libc_nano.a(libc_a-lock.o)
                0x0000000008003834                __retarget_lock_acquire_recursive
 .text.__retarget_lock_release_recursive
                0x0000000008003836        0x2 C:/ST/STM32CubeIDE_1.14.0/STM32CubeIDE/plugins/com.st.stm32cube.ide.mcu.externaltools.gnu-tools-for-stm32.11.3.rel1.win32_1.1.100.202309141235/tools/bin/../lib/gcc/arm-none-eabi/11.3.1/../../../../arm-none-eabi/lib/thumb/v7e-m+fp/hard\libc_nano.a(libc_a-lock.o)
                0x0000000008003836                __retarget_lock_release_recursive
 .text._free_r  0x0000000008003838       0x98 C:/ST/STM32CubeIDE_1.14.0/STM32CubeIDE/plugins/com.st.stm32cube.ide.mcu.externaltools.gnu-tools-for-stm32.11.3.rel1.win32_1.1.100.202309141235/tools/bin/../lib/gcc/arm-none-eabi/11.3.1/../../../../arm-none-eabi/lib/thumb/v7e-m+fp/hard\libc_nano.a(libc_a-freer.o)
                0x0000000008003838                _free_r
 *(.glue_7)
 .glue_7        0x00000000080038d0        0x0 linker stubs
 *(.glue_7t)
 .glue_7t       0x00000000080038d0        0x0 linker stubs
 *(.eh_frame)
 .eh_frame      0x00000000080038d0        0x0 C:/ST/STM32CubeIDE_1.14.0/STM32CubeIDE/plugins/com.st.stm32cube.ide.mcu.externaltools.gnu-tools-for-stm32.11.3.rel1.win32_1.1.100.202309141235/tools/bin/../lib/gcc/arm-none-eabi/11.3.1/thumb/v7e-m+fp/hard/crtbegin.o
 *(.init)
 .init          0x00000000080038d0        0x4 C:/ST/STM32CubeIDE_1.14.0/STM32CubeIDE/plugins/com.st.stm32cube.ide.mcu.externaltools.gnu-tools-for-stm32.11.3.rel1.win32_1.1.100.202309141235/tools/bin/../lib/gcc/arm-none-eabi/11.3.1/thumb/v7e-m+fp/hard/crti.o
                0x00000000080038d0                _init
 .init          0x00000000080038d4        0x8 C:/ST/STM32CubeIDE_1.14.0/STM32CubeIDE/plugins/com.st.stm32cube.ide.mcu.externaltools.gnu-tools-for-stm32.11.3.rel1.win32_1.1.100.202309141235/tools/bin/../lib/gcc/arm-none-eabi/11.3.1/thumb/v7e-m+fp/hard/crtn.o
 *(.fini)
 .fini          0x00000000080038dc        0x4 C:/ST/STM32CubeIDE_1.14.0/STM32CubeIDE/plugins/com.st.stm32cube.ide.mcu.externaltools.gnu-tools-for-stm32.11.3.rel1.win32_1.1.100.202309141235/tools/bin/../lib/gcc/arm-none-eabi/11.3.1/thumb/v7e-m+fp/hard/crti.o
                0x00000000080038dc                _fini
 .fini          0x00000000080038e0        0x8 C:/ST/STM32CubeIDE_1.14.0/STM32CubeIDE/plugins/com.st.stm32cube.ide.mcu.externaltools.gnu-tools-for-stm32.11.3.rel1.win32_1.1.100.202309141235/tools/bin/../lib/gcc/arm-none-eabi/11.3.1/thumb/v7e-m+fp/hard/crtn.o
                0x00000000080038e8                . = ALIGN (0x4)
                0x00000000080038e8                _etext = .

.vfp11_veneer   0x00000000080038e8        0x0
 .vfp11_veneer  0x00000000080038e8        0x0 linker stubs

.v4_bx          0x00000000080038e8        0x0
 .v4_bx         0x00000000080038e8        0x0 linker stubs

.iplt           0x00000000080038e8        0x0
 .iplt          0x00000000080038e8        0x0 C:/ST/STM32CubeIDE_1.14.0/STM32CubeIDE/plugins/com.st.stm32cube.ide.mcu.externaltools.gnu-tools-for-stm32.11.3.rel1.win32_1.1.100.202309141235/tools/bin/../lib/gcc/arm-none-eabi/11.3.1/thumb/v7e-m+fp/hard/crtbegin.o

.rodata         0x00000000080038e8       0x44
                0x00000000080038e8                . = ALIGN (0x4)
 *(.rodata)
 .rodata        0x00000000080038e8       0x1a ./Core/Src/Servo.o
 *(.rodata*)
 *fill*         0x0000000008003902        0x2 
 .rodata._ZTV5Servo
                0x0000000008003904       0x10 ./Core/Src/Servo.o
                0x0000000008003904                vtable for Servo
 .rodata.AHBPrescTable
                0x0000000008003914       0x10 ./Core/Src/system_stm32f4xx.o
                0x0000000008003914                AHBPrescTable
 .rodata.APBPrescTable
                0x0000000008003924        0x8 ./Core/Src/system_stm32f4xx.o
                0x0000000008003924                APBPrescTable
                0x000000000800392c                . = ALIGN (0x4)

.ARM.extab      0x000000000800392c        0x0
                0x000000000800392c                . = ALIGN (0x4)
 *(.ARM.extab* .gnu.linkonce.armextab.*)
                0x000000000800392c                . = ALIGN (0x4)

.ARM            0x000000000800392c        0x8
                0x000000000800392c                . = ALIGN (0x4)
                0x000000000800392c                __exidx_start = .
 *(.ARM.exidx*)
 .ARM.exidx     0x000000000800392c        0x8 C:/ST/STM32CubeIDE_1.14.0/STM32CubeIDE/plugins/com.st.stm32cube.ide.mcu.externaltools.gnu-tools-for-stm32.11.3.rel1.win32_1.1.100.202309141235/tools/bin/../lib/gcc/arm-none-eabi/11.3.1/thumb/v7e-m+fp/hard\libgcc.a(_udivmoddi4.o)
                0x0000000008003934                __exidx_end = .
                0x0000000008003934                . = ALIGN (0x4)

.rel.dyn        0x0000000008003934        0x0
 .rel.iplt      0x0000000008003934        0x0 C:/ST/STM32CubeIDE_1.14.0/STM32CubeIDE/plugins/com.st.stm32cube.ide.mcu.externaltools.gnu-tools-for-stm32.11.3.rel1.win32_1.1.100.202309141235/tools/bin/../lib/gcc/arm-none-eabi/11.3.1/thumb/v7e-m+fp/hard/crtbegin.o

.preinit_array  0x0000000008003934        0x0
                0x0000000008003934                . = ALIGN (0x4)
                0x0000000008003934                PROVIDE (__preinit_array_start = .)
 *(.preinit_array*)
                0x0000000008003934                PROVIDE (__preinit_array_end = .)
                0x0000000008003934                . = ALIGN (0x4)

.init_array     0x0000000008003934        0x4
                0x0000000008003934                . = ALIGN (0x4)
                0x0000000008003934                PROVIDE (__init_array_start = .)
 *(SORT_BY_NAME(.init_array.*))
 *(.init_array*)
 .init_array    0x0000000008003934        0x4 C:/ST/STM32CubeIDE_1.14.0/STM32CubeIDE/plugins/com.st.stm32cube.ide.mcu.externaltools.gnu-tools-for-stm32.11.3.rel1.win32_1.1.100.202309141235/tools/bin/../lib/gcc/arm-none-eabi/11.3.1/thumb/v7e-m+fp/hard/crtbegin.o
                0x0000000008003938                PROVIDE (__init_array_end = .)
                0x0000000008003938                . = ALIGN (0x4)

.fini_array     0x0000000008003938        0x4
                0x0000000008003938                . = ALIGN (0x4)
                [!provide]                        PROVIDE (__fini_array_start = .)
 *(SORT_BY_NAME(.fini_array.*))
 *(.fini_array*)
 .fini_array    0x0000000008003938        0x4 C:/ST/STM32CubeIDE_1.14.0/STM32CubeIDE/plugins/com.st.stm32cube.ide.mcu.externaltools.gnu-tools-for-stm32.11.3.rel1.win32_1.1.100.202309141235/tools/bin/../lib/gcc/arm-none-eabi/11.3.1/thumb/v7e-m+fp/hard/crtbegin.o
                [!provide]                        PROVIDE (__fini_array_end = .)
                0x000000000800393c                . = ALIGN (0x4)
                0x000000000800393c                _sidata = LOADADDR (.data)

.data           0x0000000020000000       0x5c load address 0x000000000800393c
                0x0000000020000000                . = ALIGN (0x4)
                0x0000000020000000                _sdata = .
 *(.data)
 *(.data*)
 .data.SystemCoreClock
                0x0000000020000000        0x4 ./Core/Src/system_stm32f4xx.o
                0x0000000020000000                SystemCoreClock
 .data.uwTickPrio
                0x0000000020000004        0x4 ./Drivers/STM32F4xx_HAL_Driver/Src/stm32f4xx_hal.o
                0x0000000020000004                uwTickPrio
 .data.uwTickFreq
                0x0000000020000008        0x1 ./Drivers/STM32F4xx_HAL_Driver/Src/stm32f4xx_hal.o
                0x0000000020000008                uwTickFreq
 *fill*         0x0000000020000009        0x3 
 .data._impure_data
                0x000000002000000c       0x4c C:/ST/STM32CubeIDE_1.14.0/STM32CubeIDE/plugins/com.st.stm32cube.ide.mcu.externaltools.gnu-tools-for-stm32.11.3.rel1.win32_1.1.100.202309141235/tools/bin/../lib/gcc/arm-none-eabi/11.3.1/../../../../arm-none-eabi/lib/thumb/v7e-m+fp/hard\libc_nano.a(libc_a-impure.o)
                0x000000002000000c                _impure_data
 .data._impure_ptr
                0x0000000020000058        0x4 C:/ST/STM32CubeIDE_1.14.0/STM32CubeIDE/plugins/com.st.stm32cube.ide.mcu.externaltools.gnu-tools-for-stm32.11.3.rel1.win32_1.1.100.202309141235/tools/bin/../lib/gcc/arm-none-eabi/11.3.1/../../../../arm-none-eabi/lib/thumb/v7e-m+fp/hard\libc_nano.a(libc_a-impure.o)
                0x0000000020000058                _impure_ptr
 *(.RamFunc)
 *(.RamFunc*)
                0x000000002000005c                . = ALIGN (0x4)
                0x000000002000005c                _edata = .
                0x0000000008003998                _siccmram = LOADADDR (.ccmram)

.igot.plt       0x000000002000005c        0x0 load address 0x0000000008003998
 .igot.plt      0x000000002000005c        0x0 C:/ST/STM32CubeIDE_1.14.0/STM32CubeIDE/plugins/com.st.stm32cube.ide.mcu.externaltools.gnu-tools-for-stm32.11.3.rel1.win32_1.1.100.202309141235/tools/bin/../lib/gcc/arm-none-eabi/11.3.1/thumb/v7e-m+fp/hard/crtbegin.o

.ccmram         0x0000000010000000        0x0 load address 0x0000000008003998
                0x0000000010000000                . = ALIGN (0x4)
                0x0000000010000000                _sccmram = .
 *(.ccmram)
 *(.ccmram*)
                0x0000000010000000                . = ALIGN (0x4)
                0x0000000010000000                _eccmram = .
                0x0000000010000000                . = ALIGN (0x4)

.bss            0x000000002000005c      0x1b4
                0x000000002000005c                _sbss = .
                0x000000002000005c                __bss_start__ = _sbss
 *(.bss)
 .bss           0x000000002000005c       0x1c C:/ST/STM32CubeIDE_1.14.0/STM32CubeIDE/plugins/com.st.stm32cube.ide.mcu.externaltools.gnu-tools-for-stm32.11.3.rel1.win32_1.1.100.202309141235/tools/bin/../lib/gcc/arm-none-eabi/11.3.1/thumb/v7e-m+fp/hard/crtbegin.o
 *(.bss*)
 .bss.huart5    0x0000000020000078       0x44 ./Core/Src/main.o
                0x0000000020000078                huart5
 .bss.__sbrk_heap_end
                0x00000000200000bc        0x4 ./Core/Src/sysmem.o
 .bss.uwTick    0x00000000200000c0        0x4 ./Drivers/STM32F4xx_HAL_Driver/Src/stm32f4xx_hal.o
                0x00000000200000c0                uwTick
 .bss._ZN12_GLOBAL__N_113__new_handlerE
                0x00000000200000c4        0x4 C:/ST/STM32CubeIDE_1.14.0/STM32CubeIDE/plugins/com.st.stm32cube.ide.mcu.externaltools.gnu-tools-for-stm32.11.3.rel1.win32_1.1.100.202309141235/tools/bin/../lib/gcc/arm-none-eabi/11.3.1/../../../../arm-none-eabi/lib/thumb/v7e-m+fp/hard\libstdc++_nano.a(new_handler.o)
 .bss.__malloc_free_list
                0x00000000200000c8        0x4 C:/ST/STM32CubeIDE_1.14.0/STM32CubeIDE/plugins/com.st.stm32cube.ide.mcu.externaltools.gnu-tools-for-stm32.11.3.rel1.win32_1.1.100.202309141235/tools/bin/../lib/gcc/arm-none-eabi/11.3.1/../../../../arm-none-eabi/lib/thumb/v7e-m+fp/hard\libc_nano.a(libc_a-mallocr.o)
                0x00000000200000c8                __malloc_free_list
 .bss.__malloc_sbrk_start
                0x00000000200000cc        0x4 C:/ST/STM32CubeIDE_1.14.0/STM32CubeIDE/plugins/com.st.stm32cube.ide.mcu.externaltools.gnu-tools-for-stm32.11.3.rel1.win32_1.1.100.202309141235/tools/bin/../lib/gcc/arm-none-eabi/11.3.1/../../../../arm-none-eabi/lib/thumb/v7e-m+fp/hard\libc_nano.a(libc_a-mallocr.o)
                0x00000000200000cc                __malloc_sbrk_start
 .bss.__sf      0x00000000200000d0      0x138 C:/ST/STM32CubeIDE_1.14.0/STM32CubeIDE/plugins/com.st.stm32cube.ide.mcu.externaltools.gnu-tools-for-stm32.11.3.rel1.win32_1.1.100.202309141235/tools/bin/../lib/gcc/arm-none-eabi/11.3.1/../../../../arm-none-eabi/lib/thumb/v7e-m+fp/hard\libc_nano.a(libc_a-findfp.o)
                0x00000000200000d0                __sf
 .bss.errno     0x0000000020000208        0x4 C:/ST/STM32CubeIDE_1.14.0/STM32CubeIDE/plugins/com.st.stm32cube.ide.mcu.externaltools.gnu-tools-for-stm32.11.3.rel1.win32_1.1.100.202309141235/tools/bin/../lib/gcc/arm-none-eabi/11.3.1/../../../../arm-none-eabi/lib/thumb/v7e-m+fp/hard\libc_nano.a(libc_a-reent.o)
                0x0000000020000208                errno
 .bss.__lock___malloc_recursive_mutex
                0x000000002000020c        0x1 C:/ST/STM32CubeIDE_1.14.0/STM32CubeIDE/plugins/com.st.stm32cube.ide.mcu.externaltools.gnu-tools-for-stm32.11.3.rel1.win32_1.1.100.202309141235/tools/bin/../lib/gcc/arm-none-eabi/11.3.1/../../../../arm-none-eabi/lib/thumb/v7e-m+fp/hard\libc_nano.a(libc_a-lock.o)
                0x000000002000020c                __lock___malloc_recursive_mutex
 *(COMMON)
                0x0000000020000210                . = ALIGN (0x4)
 *fill*         0x000000002000020d        0x3 
                0x0000000020000210                _ebss = .
                0x0000000020000210                __bss_end__ = _ebss

._user_heap_stack
                0x0000000020000210      0x600
                0x0000000020000210                . = ALIGN (0x8)
                [!provide]                        PROVIDE (end = .)
                0x0000000020000210                PROVIDE (_end = .)
                0x0000000020000410                . = (. + _Min_Heap_Size)
 *fill*         0x0000000020000210      0x200 
                0x0000000020000810                . = (. + _Min_Stack_Size)
 *fill*         0x0000000020000410      0x400 
                0x0000000020000810                . = ALIGN (0x8)

/DISCARD/
 libc.a(*)
 libm.a(*)
 libgcc.a(*)

.ARM.attributes
                0x0000000000000000       0x30
 *(.ARM.attributes)
 .ARM.attributes
                0x0000000000000000       0x1e C:/ST/STM32CubeIDE_1.14.0/STM32CubeIDE/plugins/com.st.stm32cube.ide.mcu.externaltools.gnu-tools-for-stm32.11.3.rel1.win32_1.1.100.202309141235/tools/bin/../lib/gcc/arm-none-eabi/11.3.1/thumb/v7e-m+fp/hard/crti.o
 .ARM.attributes
                0x000000000000001e       0x34 C:/ST/STM32CubeIDE_1.14.0/STM32CubeIDE/plugins/com.st.stm32cube.ide.mcu.externaltools.gnu-tools-for-stm32.11.3.rel1.win32_1.1.100.202309141235/tools/bin/../lib/gcc/arm-none-eabi/11.3.1/thumb/v7e-m+fp/hard/crtbegin.o
 .ARM.attributes
                0x0000000000000052       0x34 ./Core/Src/MCU.o
 .ARM.attributes
                0x0000000000000086       0x34 ./Core/Src/Servo.o
 .ARM.attributes
                0x00000000000000ba       0x34 ./Core/Src/main.o
 .ARM.attributes
                0x00000000000000ee       0x34 ./Core/Src/stm32f4xx_hal_msp.o
 .ARM.attributes
                0x0000000000000122       0x34 ./Core/Src/stm32f4xx_it.o
 .ARM.attributes
                0x0000000000000156       0x34 ./Core/Src/syscalls.o
 .ARM.attributes
                0x000000000000018a       0x34 ./Core/Src/sysmem.o
 .ARM.attributes
                0x00000000000001be       0x34 ./Core/Src/system_stm32f4xx.o
 .ARM.attributes
                0x00000000000001f2       0x21 ./Core/Startup/startup_stm32f429zitx.o
 .ARM.attributes
                0x0000000000000213       0x34 ./Drivers/STM32F4xx_HAL_Driver/Src/stm32f4xx_hal.o
 .ARM.attributes
                0x0000000000000247       0x34 ./Drivers/STM32F4xx_HAL_Driver/Src/stm32f4xx_hal_cortex.o
 .ARM.attributes
                0x000000000000027b       0x34 ./Drivers/STM32F4xx_HAL_Driver/Src/stm32f4xx_hal_gpio.o
 .ARM.attributes
                0x00000000000002af       0x34 ./Drivers/STM32F4xx_HAL_Driver/Src/stm32f4xx_hal_pwr_ex.o
 .ARM.attributes
                0x00000000000002e3       0x34 ./Drivers/STM32F4xx_HAL_Driver/Src/stm32f4xx_hal_rcc.o
 .ARM.attributes
                0x0000000000000317       0x34 ./Drivers/STM32F4xx_HAL_Driver/Src/stm32f4xx_hal_uart.o
 .ARM.attributes
                0x000000000000034b       0x34 C:/ST/STM32CubeIDE_1.14.0/STM32CubeIDE/plugins/com.st.stm32cube.ide.mcu.externaltools.gnu-tools-for-stm32.11.3.rel1.win32_1.1.100.202309141235/tools/bin/../lib/gcc/arm-none-eabi/11.3.1/../../../../arm-none-eabi/lib/thumb/v7e-m+fp/hard\libstdc++_nano.a(del_ops.o)
 .ARM.attributes
                0x000000000000037f       0x34 C:/ST/STM32CubeIDE_1.14.0/STM32CubeIDE/plugins/com.st.stm32cube.ide.mcu.externaltools.gnu-tools-for-stm32.11.3.rel1.win32_1.1.100.202309141235/tools/bin/../lib/gcc/arm-none-eabi/11.3.1/../../../../arm-none-eabi/lib/thumb/v7e-m+fp/hard\libstdc++_nano.a(new_op.o)
 .ARM.attributes
                0x00000000000003b3       0x34 C:/ST/STM32CubeIDE_1.14.0/STM32CubeIDE/plugins/com.st.stm32cube.ide.mcu.externaltools.gnu-tools-for-stm32.11.3.rel1.win32_1.1.100.202309141235/tools/bin/../lib/gcc/arm-none-eabi/11.3.1/../../../../arm-none-eabi/lib/thumb/v7e-m+fp/hard\libstdc++_nano.a(functexcept.o)
 .ARM.attributes
                0x00000000000003e7       0x34 C:/ST/STM32CubeIDE_1.14.0/STM32CubeIDE/plugins/com.st.stm32cube.ide.mcu.externaltools.gnu-tools-for-stm32.11.3.rel1.win32_1.1.100.202309141235/tools/bin/../lib/gcc/arm-none-eabi/11.3.1/../../../../arm-none-eabi/lib/thumb/v7e-m+fp/hard\libstdc++_nano.a(del_op.o)
 .ARM.attributes
                0x000000000000041b       0x34 C:/ST/STM32CubeIDE_1.14.0/STM32CubeIDE/plugins/com.st.stm32cube.ide.mcu.externaltools.gnu-tools-for-stm32.11.3.rel1.win32_1.1.100.202309141235/tools/bin/../lib/gcc/arm-none-eabi/11.3.1/../../../../arm-none-eabi/lib/thumb/v7e-m+fp/hard\libstdc++_nano.a(new_handler.o)
 .ARM.attributes
                0x000000000000044f       0x34 C:/ST/STM32CubeIDE_1.14.0/STM32CubeIDE/plugins/com.st.stm32cube.ide.mcu.externaltools.gnu-tools-for-stm32.11.3.rel1.win32_1.1.100.202309141235/tools/bin/../lib/gcc/arm-none-eabi/11.3.1/../../../../arm-none-eabi/lib/thumb/v7e-m+fp/hard\libc_nano.a(libc_a-abort.o)
 .ARM.attributes
                0x0000000000000483       0x34 C:/ST/STM32CubeIDE_1.14.0/STM32CubeIDE/plugins/com.st.stm32cube.ide.mcu.externaltools.gnu-tools-for-stm32.11.3.rel1.win32_1.1.100.202309141235/tools/bin/../lib/gcc/arm-none-eabi/11.3.1/../../../../arm-none-eabi/lib/thumb/v7e-m+fp/hard\libc_nano.a(libc_a-malloc.o)
 .ARM.attributes
                0x00000000000004b7       0x34 C:/ST/STM32CubeIDE_1.14.0/STM32CubeIDE/plugins/com.st.stm32cube.ide.mcu.externaltools.gnu-tools-for-stm32.11.3.rel1.win32_1.1.100.202309141235/tools/bin/../lib/gcc/arm-none-eabi/11.3.1/../../../../arm-none-eabi/lib/thumb/v7e-m+fp/hard\libc_nano.a(libc_a-mallocr.o)
 .ARM.attributes
                0x00000000000004eb       0x34 C:/ST/STM32CubeIDE_1.14.0/STM32CubeIDE/plugins/com.st.stm32cube.ide.mcu.externaltools.gnu-tools-for-stm32.11.3.rel1.win32_1.1.100.202309141235/tools/bin/../lib/gcc/arm-none-eabi/11.3.1/../../../../arm-none-eabi/lib/thumb/v7e-m+fp/hard\libc_nano.a(libc_a-mlock.o)
 .ARM.attributes
                0x000000000000051f       0x34 C:/ST/STM32CubeIDE_1.14.0/STM32CubeIDE/plugins/com.st.stm32cube.ide.mcu.externaltools.gnu-tools-for-stm32.11.3.rel1.win32_1.1.100.202309141235/tools/bin/../lib/gcc/arm-none-eabi/11.3.1/../../../../arm-none-eabi/lib/thumb/v7e-m+fp/hard\libc_nano.a(libc_a-findfp.o)
 .ARM.attributes
                0x0000000000000553       0x34 C:/ST/STM32CubeIDE_1.14.0/STM32CubeIDE/plugins/com.st.stm32cube.ide.mcu.externaltools.gnu-tools-for-stm32.11.3.rel1.win32_1.1.100.202309141235/tools/bin/../lib/gcc/arm-none-eabi/11.3.1/../../../../arm-none-eabi/lib/thumb/v7e-m+fp/hard\libc_nano.a(libc_a-memmove.o)
 .ARM.attributes
                0x0000000000000587       0x34 C:/ST/STM32CubeIDE_1.14.0/STM32CubeIDE/plugins/com.st.stm32cube.ide.mcu.externaltools.gnu-tools-for-stm32.11.3.rel1.win32_1.1.100.202309141235/tools/bin/../lib/gcc/arm-none-eabi/11.3.1/../../../../arm-none-eabi/lib/thumb/v7e-m+fp/hard\libc_nano.a(libc_a-memset.o)
 .ARM.attributes
                0x00000000000005bb       0x34 C:/ST/STM32CubeIDE_1.14.0/STM32CubeIDE/plugins/com.st.stm32cube.ide.mcu.externaltools.gnu-tools-for-stm32.11.3.rel1.win32_1.1.100.202309141235/tools/bin/../lib/gcc/arm-none-eabi/11.3.1/../../../../arm-none-eabi/lib/thumb/v7e-m+fp/hard\libc_nano.a(libc_a-signal.o)
 .ARM.attributes
                0x00000000000005ef       0x34 C:/ST/STM32CubeIDE_1.14.0/STM32CubeIDE/plugins/com.st.stm32cube.ide.mcu.externaltools.gnu-tools-for-stm32.11.3.rel1.win32_1.1.100.202309141235/tools/bin/../lib/gcc/arm-none-eabi/11.3.1/../../../../arm-none-eabi/lib/thumb/v7e-m+fp/hard\libc_nano.a(libc_a-reent.o)
 .ARM.attributes
                0x0000000000000623       0x34 C:/ST/STM32CubeIDE_1.14.0/STM32CubeIDE/plugins/com.st.stm32cube.ide.mcu.externaltools.gnu-tools-for-stm32.11.3.rel1.win32_1.1.100.202309141235/tools/bin/../lib/gcc/arm-none-eabi/11.3.1/../../../../arm-none-eabi/lib/thumb/v7e-m+fp/hard\libc_nano.a(libc_a-impure.o)
 .ARM.attributes
                0x0000000000000657       0x34 C:/ST/STM32CubeIDE_1.14.0/STM32CubeIDE/plugins/com.st.stm32cube.ide.mcu.externaltools.gnu-tools-for-stm32.11.3.rel1.win32_1.1.100.202309141235/tools/bin/../lib/gcc/arm-none-eabi/11.3.1/../../../../arm-none-eabi/lib/thumb/v7e-m+fp/hard\libc_nano.a(libc_a-signalr.o)
 .ARM.attributes
                0x000000000000068b       0x34 C:/ST/STM32CubeIDE_1.14.0/STM32CubeIDE/plugins/com.st.stm32cube.ide.mcu.externaltools.gnu-tools-for-stm32.11.3.rel1.win32_1.1.100.202309141235/tools/bin/../lib/gcc/arm-none-eabi/11.3.1/../../../../arm-none-eabi/lib/thumb/v7e-m+fp/hard\libc_nano.a(libc_a-sbrkr.o)
 .ARM.attributes
                0x00000000000006bf       0x34 C:/ST/STM32CubeIDE_1.14.0/STM32CubeIDE/plugins/com.st.stm32cube.ide.mcu.externaltools.gnu-tools-for-stm32.11.3.rel1.win32_1.1.100.202309141235/tools/bin/../lib/gcc/arm-none-eabi/11.3.1/../../../../arm-none-eabi/lib/thumb/v7e-m+fp/hard\libc_nano.a(libc_a-errno.o)
 .ARM.attributes
                0x00000000000006f3       0x34 C:/ST/STM32CubeIDE_1.14.0/STM32CubeIDE/plugins/com.st.stm32cube.ide.mcu.externaltools.gnu-tools-for-stm32.11.3.rel1.win32_1.1.100.202309141235/tools/bin/../lib/gcc/arm-none-eabi/11.3.1/../../../../arm-none-eabi/lib/thumb/v7e-m+fp/hard\libc_nano.a(libc_a-init.o)
 .ARM.attributes
                0x0000000000000727       0x34 C:/ST/STM32CubeIDE_1.14.0/STM32CubeIDE/plugins/com.st.stm32cube.ide.mcu.externaltools.gnu-tools-for-stm32.11.3.rel1.win32_1.1.100.202309141235/tools/bin/../lib/gcc/arm-none-eabi/11.3.1/../../../../arm-none-eabi/lib/thumb/v7e-m+fp/hard\libc_nano.a(libc_a-lock.o)
 .ARM.attributes
                0x000000000000075b       0x34 C:/ST/STM32CubeIDE_1.14.0/STM32CubeIDE/plugins/com.st.stm32cube.ide.mcu.externaltools.gnu-tools-for-stm32.11.3.rel1.win32_1.1.100.202309141235/tools/bin/../lib/gcc/arm-none-eabi/11.3.1/../../../../arm-none-eabi/lib/thumb/v7e-m+fp/hard\libc_nano.a(libc_a-freer.o)
 .ARM.attributes
                0x000000000000078f       0x1e C:/ST/STM32CubeIDE_1.14.0/STM32CubeIDE/plugins/com.st.stm32cube.ide.mcu.externaltools.gnu-tools-for-stm32.11.3.rel1.win32_1.1.100.202309141235/tools/bin/../lib/gcc/arm-none-eabi/11.3.1/thumb/v7e-m+fp/hard\libgcc.a(_arm_muldivdf3.o)
 .ARM.attributes
                0x00000000000007ad       0x1e C:/ST/STM32CubeIDE_1.14.0/STM32CubeIDE/plugins/com.st.stm32cube.ide.mcu.externaltools.gnu-tools-for-stm32.11.3.rel1.win32_1.1.100.202309141235/tools/bin/../lib/gcc/arm-none-eabi/11.3.1/thumb/v7e-m+fp/hard\libgcc.a(_arm_fixunsdfsi.o)
 .ARM.attributes
                0x00000000000007cb       0x1e C:/ST/STM32CubeIDE_1.14.0/STM32CubeIDE/plugins/com.st.stm32cube.ide.mcu.externaltools.gnu-tools-for-stm32.11.3.rel1.win32_1.1.100.202309141235/tools/bin/../lib/gcc/arm-none-eabi/11.3.1/thumb/v7e-m+fp/hard\libgcc.a(_aeabi_uldivmod.o)
 .ARM.attributes
                0x00000000000007e9       0x34 C:/ST/STM32CubeIDE_1.14.0/STM32CubeIDE/plugins/com.st.stm32cube.ide.mcu.externaltools.gnu-tools-for-stm32.11.3.rel1.win32_1.1.100.202309141235/tools/bin/../lib/gcc/arm-none-eabi/11.3.1/thumb/v7e-m+fp/hard\libgcc.a(_udivmoddi4.o)
 .ARM.attributes
                0x000000000000081d       0x1e C:/ST/STM32CubeIDE_1.14.0/STM32CubeIDE/plugins/com.st.stm32cube.ide.mcu.externaltools.gnu-tools-for-stm32.11.3.rel1.win32_1.1.100.202309141235/tools/bin/../lib/gcc/arm-none-eabi/11.3.1/thumb/v7e-m+fp/hard\libgcc.a(_dvmd_tls.o)
 .ARM.attributes
                0x000000000000083b       0x1e C:/ST/STM32CubeIDE_1.14.0/STM32CubeIDE/plugins/com.st.stm32cube.ide.mcu.externaltools.gnu-tools-for-stm32.11.3.rel1.win32_1.1.100.202309141235/tools/bin/../lib/gcc/arm-none-eabi/11.3.1/thumb/v7e-m+fp/hard/crtn.o
OUTPUT(servo.elf elf32-littlearm)
LOAD linker stubs
LOAD C:/ST/STM32CubeIDE_1.14.0/STM32CubeIDE/plugins/com.st.stm32cube.ide.mcu.externaltools.gnu-tools-for-stm32.11.3.rel1.win32_1.1.100.202309141235/tools/bin/../lib/gcc/arm-none-eabi/11.3.1/../../../../arm-none-eabi/lib/thumb/v7e-m+fp/hard\libc.a
LOAD C:/ST/STM32CubeIDE_1.14.0/STM32CubeIDE/plugins/com.st.stm32cube.ide.mcu.externaltools.gnu-tools-for-stm32.11.3.rel1.win32_1.1.100.202309141235/tools/bin/../lib/gcc/arm-none-eabi/11.3.1/../../../../arm-none-eabi/lib/thumb/v7e-m+fp/hard\libm.a
LOAD C:/ST/STM32CubeIDE_1.14.0/STM32CubeIDE/plugins/com.st.stm32cube.ide.mcu.externaltools.gnu-tools-for-stm32.11.3.rel1.win32_1.1.100.202309141235/tools/bin/../lib/gcc/arm-none-eabi/11.3.1/thumb/v7e-m+fp/hard\libgcc.a

.comment        0x0000000000000000       0x43
 .comment       0x0000000000000000       0x43 C:/ST/STM32CubeIDE_1.14.0/STM32CubeIDE/plugins/com.st.stm32cube.ide.mcu.externaltools.gnu-tools-for-stm32.11.3.rel1.win32_1.1.100.202309141235/tools/bin/../lib/gcc/arm-none-eabi/11.3.1/thumb/v7e-m+fp/hard/crtbegin.o
                                         0x44 (size before relaxing)
 .comment       0x0000000000000043       0x44 ./Core/Src/MCU.o
 .comment       0x0000000000000043       0x44 ./Core/Src/Servo.o
 .comment       0x0000000000000043       0x44 ./Core/Src/main.o
 .comment       0x0000000000000043       0x44 ./Core/Src/stm32f4xx_hal_msp.o
 .comment       0x0000000000000043       0x44 ./Core/Src/stm32f4xx_it.o
 .comment       0x0000000000000043       0x44 ./Core/Src/syscalls.o
 .comment       0x0000000000000043       0x44 ./Core/Src/sysmem.o
 .comment       0x0000000000000043       0x44 ./Core/Src/system_stm32f4xx.o
 .comment       0x0000000000000043       0x44 ./Drivers/STM32F4xx_HAL_Driver/Src/stm32f4xx_hal.o
 .comment       0x0000000000000043       0x44 ./Drivers/STM32F4xx_HAL_Driver/Src/stm32f4xx_hal_cortex.o
 .comment       0x0000000000000043       0x44 ./Drivers/STM32F4xx_HAL_Driver/Src/stm32f4xx_hal_gpio.o
 .comment       0x0000000000000043       0x44 ./Drivers/STM32F4xx_HAL_Driver/Src/stm32f4xx_hal_pwr_ex.o
 .comment       0x0000000000000043       0x44 ./Drivers/STM32F4xx_HAL_Driver/Src/stm32f4xx_hal_rcc.o
 .comment       0x0000000000000043       0x44 ./Drivers/STM32F4xx_HAL_Driver/Src/stm32f4xx_hal_uart.o

.debug_info     0x0000000000000000     0xbe6c
 .debug_info    0x0000000000000000      0x624 ./Core/Src/MCU.o
 .debug_info    0x0000000000000624     0x381d ./Core/Src/Servo.o
 .debug_info    0x0000000000003e41      0xb86 ./Core/Src/main.o
 .debug_info    0x00000000000049c7      0x8e3 ./Core/Src/stm32f4xx_hal_msp.o
 .debug_info    0x00000000000052aa      0x112 ./Core/Src/stm32f4xx_it.o
 .debug_info    0x00000000000053bc      0x6a3 ./Core/Src/syscalls.o
 .debug_info    0x0000000000005a5f      0x168 ./Core/Src/sysmem.o
 .debug_info    0x0000000000005bc7      0x52e ./Core/Src/system_stm32f4xx.o
 .debug_info    0x00000000000060f5       0x23 ./Core/Startup/startup_stm32f429zitx.o
 .debug_info    0x0000000000006118      0x9be ./Drivers/STM32F4xx_HAL_Driver/Src/stm32f4xx_hal.o
 .debug_info    0x0000000000006ad6      0xd7c ./Drivers/STM32F4xx_HAL_Driver/Src/stm32f4xx_hal_cortex.o
 .debug_info    0x0000000000007852      0x6db ./Drivers/STM32F4xx_HAL_Driver/Src/stm32f4xx_hal_gpio.o
 .debug_info    0x0000000000007f2d      0x6be ./Drivers/STM32F4xx_HAL_Driver/Src/stm32f4xx_hal_pwr_ex.o
 .debug_info    0x00000000000085eb      0x8c9 ./Drivers/STM32F4xx_HAL_Driver/Src/stm32f4xx_hal_rcc.o
 .debug_info    0x0000000000008eb4     0x2fb8 ./Drivers/STM32F4xx_HAL_Driver/Src/stm32f4xx_hal_uart.o

.debug_abbrev   0x0000000000000000     0x204e
 .debug_abbrev  0x0000000000000000      0x165 ./Core/Src/MCU.o
 .debug_abbrev  0x0000000000000165      0x775 ./Core/Src/Servo.o
 .debug_abbrev  0x00000000000008da      0x315 ./Core/Src/main.o
 .debug_abbrev  0x0000000000000bef      0x1ad ./Core/Src/stm32f4xx_hal_msp.o
 .debug_abbrev  0x0000000000000d9c       0x73 ./Core/Src/stm32f4xx_it.o
 .debug_abbrev  0x0000000000000e0f      0x1b6 ./Core/Src/syscalls.o
 .debug_abbrev  0x0000000000000fc5       0xbc ./Core/Src/sysmem.o
 .debug_abbrev  0x0000000000001081      0x11a ./Core/Src/system_stm32f4xx.o
 .debug_abbrev  0x000000000000119b       0x12 ./Core/Startup/startup_stm32f429zitx.o
 .debug_abbrev  0x00000000000011ad      0x213 ./Drivers/STM32F4xx_HAL_Driver/Src/stm32f4xx_hal.o
 .debug_abbrev  0x00000000000013c0      0x327 ./Drivers/STM32F4xx_HAL_Driver/Src/stm32f4xx_hal_cortex.o
 .debug_abbrev  0x00000000000016e7      0x1d4 ./Drivers/STM32F4xx_HAL_Driver/Src/stm32f4xx_hal_gpio.o
 .debug_abbrev  0x00000000000018bb      0x1cf ./Drivers/STM32F4xx_HAL_Driver/Src/stm32f4xx_hal_pwr_ex.o
 .debug_abbrev  0x0000000000001a8a      0x2b6 ./Drivers/STM32F4xx_HAL_Driver/Src/stm32f4xx_hal_rcc.o
 .debug_abbrev  0x0000000000001d40      0x30e ./Drivers/STM32F4xx_HAL_Driver/Src/stm32f4xx_hal_uart.o

.debug_aranges  0x0000000000000000      0x9e0
 .debug_aranges
                0x0000000000000000       0x20 ./Core/Src/MCU.o
 .debug_aranges
                0x0000000000000020      0x280 ./Core/Src/Servo.o
 .debug_aranges
                0x00000000000002a0       0x40 ./Core/Src/main.o
 .debug_aranges
                0x00000000000002e0       0x30 ./Core/Src/stm32f4xx_hal_msp.o
 .debug_aranges
                0x0000000000000310       0x60 ./Core/Src/stm32f4xx_it.o
 .debug_aranges
                0x0000000000000370       0xa8 ./Core/Src/syscalls.o
 .debug_aranges
                0x0000000000000418       0x20 ./Core/Src/sysmem.o
 .debug_aranges
                0x0000000000000438       0x28 ./Core/Src/system_stm32f4xx.o
 .debug_aranges
                0x0000000000000460       0x28 ./Core/Startup/startup_stm32f429zitx.o
 .debug_aranges
                0x0000000000000488      0x100 ./Drivers/STM32F4xx_HAL_Driver/Src/stm32f4xx_hal.o
 .debug_aranges
                0x0000000000000588      0x118 ./Drivers/STM32F4xx_HAL_Driver/Src/stm32f4xx_hal_cortex.o
 .debug_aranges
                0x00000000000006a0       0x58 ./Drivers/STM32F4xx_HAL_Driver/Src/stm32f4xx_hal_gpio.o
 .debug_aranges
                0x00000000000006f8       0x60 ./Drivers/STM32F4xx_HAL_Driver/Src/stm32f4xx_hal_pwr_ex.o
 .debug_aranges
                0x0000000000000758       0x88 ./Drivers/STM32F4xx_HAL_Driver/Src/stm32f4xx_hal_rcc.o
 .debug_aranges
                0x00000000000007e0      0x200 ./Drivers/STM32F4xx_HAL_Driver/Src/stm32f4xx_hal_uart.o

.debug_rnglists
                0x0000000000000000      0x76e
 .debug_rnglists
                0x0000000000000000       0x13 ./Core/Src/MCU.o
 .debug_rnglists
                0x0000000000000013      0x1e0 ./Core/Src/Servo.o
 .debug_rnglists
                0x00000000000001f3       0x2d ./Core/Src/main.o
 .debug_rnglists
                0x0000000000000220       0x20 ./Core/Src/stm32f4xx_hal_msp.o
 .debug_rnglists
                0x0000000000000240       0x43 ./Core/Src/stm32f4xx_it.o
 .debug_rnglists
                0x0000000000000283       0x79 ./Core/Src/syscalls.o
 .debug_rnglists
                0x00000000000002fc       0x13 ./Core/Src/sysmem.o
 .debug_rnglists
                0x000000000000030f       0x1a ./Core/Src/system_stm32f4xx.o
 .debug_rnglists
                0x0000000000000329       0x19 ./Core/Startup/startup_stm32f429zitx.o
 .debug_rnglists
                0x0000000000000342       0xbb ./Drivers/STM32F4xx_HAL_Driver/Src/stm32f4xx_hal.o
 .debug_rnglists
                0x00000000000003fd       0xce ./Drivers/STM32F4xx_HAL_Driver/Src/stm32f4xx_hal_cortex.o
 .debug_rnglists
                0x00000000000004cb       0x3f ./Drivers/STM32F4xx_HAL_Driver/Src/stm32f4xx_hal_gpio.o
 .debug_rnglists
                0x000000000000050a       0x47 ./Drivers/STM32F4xx_HAL_Driver/Src/stm32f4xx_hal_pwr_ex.o
 .debug_rnglists
                0x0000000000000551       0x66 ./Drivers/STM32F4xx_HAL_Driver/Src/stm32f4xx_hal_rcc.o
 .debug_rnglists
                0x00000000000005b7      0x1b7 ./Drivers/STM32F4xx_HAL_Driver/Src/stm32f4xx_hal_uart.o

.debug_macro    0x0000000000000000    0x262ee
 .debug_macro   0x0000000000000000      0x1d3 ./Core/Src/MCU.o
 .debug_macro   0x00000000000001d3      0xbf2 ./Core/Src/MCU.o
 .debug_macro   0x0000000000000dc5      0x295 ./Core/Src/MCU.o
 .debug_macro   0x000000000000105a       0x2e ./Core/Src/MCU.o
 .debug_macro   0x0000000000001088       0x28 ./Core/Src/MCU.o
 .debug_macro   0x00000000000010b0       0x1c ./Core/Src/MCU.o
 .debug_macro   0x00000000000010cc       0x22 ./Core/Src/MCU.o
 .debug_macro   0x00000000000010ee       0x8e ./Core/Src/MCU.o
 .debug_macro   0x000000000000117c       0x51 ./Core/Src/MCU.o
 .debug_macro   0x00000000000011cd      0x103 ./Core/Src/MCU.o
 .debug_macro   0x00000000000012d0       0x6a ./Core/Src/MCU.o
 .debug_macro   0x000000000000133a      0x1df ./Core/Src/MCU.o
 .debug_macro   0x0000000000001519       0x1c ./Core/Src/MCU.o
 .debug_macro   0x0000000000001535       0x22 ./Core/Src/MCU.o
 .debug_macro   0x0000000000001557       0xd9 ./Core/Src/MCU.o
 .debug_macro   0x0000000000001630     0x102d ./Core/Src/MCU.o
 .debug_macro   0x000000000000265d      0x11f ./Core/Src/MCU.o
 .debug_macro   0x000000000000277c    0x17fc0 ./Core/Src/MCU.o
 .debug_macro   0x000000000001a73c       0x6d ./Core/Src/MCU.o
 .debug_macro   0x000000000001a7a9     0x36f5 ./Core/Src/MCU.o
 .debug_macro   0x000000000001de9e      0x17b ./Core/Src/MCU.o
 .debug_macro   0x000000000001e019       0x5c ./Core/Src/MCU.o
 .debug_macro   0x000000000001e075      0xca5 ./Core/Src/MCU.o
 .debug_macro   0x000000000001ed1a      0x9fe ./Core/Src/MCU.o
 .debug_macro   0x000000000001f718      0x115 ./Core/Src/MCU.o
 .debug_macro   0x000000000001f82d      0x156 ./Core/Src/MCU.o
 .debug_macro   0x000000000001f983       0xa5 ./Core/Src/MCU.o
 .debug_macro   0x000000000001fa28      0x182 ./Core/Src/MCU.o
 .debug_macro   0x000000000001fbaa      0x287 ./Core/Src/MCU.o
 .debug_macro   0x000000000001fe31       0x5f ./Core/Src/MCU.o
 .debug_macro   0x000000000001fe90      0x236 ./Core/Src/MCU.o
 .debug_macro   0x00000000000200c6      0x132 ./Core/Src/MCU.o
 .debug_macro   0x00000000000201f8      0x41d ./Core/Src/MCU.o
 .debug_macro   0x0000000000020615       0x2e ./Core/Src/MCU.o
 .debug_macro   0x0000000000020643      0x11a ./Core/Src/MCU.o
 .debug_macro   0x000000000002075d       0xe2 ./Core/Src/MCU.o
 .debug_macro   0x000000000002083f       0x89 ./Core/Src/MCU.o
 .debug_macro   0x00000000000208c8      0x295 ./Core/Src/MCU.o
 .debug_macro   0x0000000000020b5d      0x134 ./Core/Src/MCU.o
 .debug_macro   0x0000000000020c91      0x398 ./Core/Src/Servo.o
 .debug_macro   0x0000000000021029      0x1b2 ./Core/Src/Servo.o
 .debug_macro   0x00000000000211db       0x10 ./Core/Src/Servo.o
 .debug_macro   0x00000000000211eb       0xc8 ./Core/Src/Servo.o
 .debug_macro   0x00000000000212b3      0x103 ./Core/Src/Servo.o
 .debug_macro   0x00000000000213b6      0x34c ./Core/Src/Servo.o
 .debug_macro   0x0000000000021702       0x1c ./Core/Src/Servo.o
 .debug_macro   0x000000000002171e       0x18 ./Core/Src/Servo.o
 .debug_macro   0x0000000000021736       0x4f ./Core/Src/Servo.o
 .debug_macro   0x0000000000021785       0x6a ./Core/Src/Servo.o
 .debug_macro   0x00000000000217ef       0x20 ./Core/Src/Servo.o
 .debug_macro   0x000000000002180f       0x28 ./Core/Src/Servo.o
 .debug_macro   0x0000000000021837       0x2e ./Core/Src/Servo.o
 .debug_macro   0x0000000000021865       0x1f ./Core/Src/Servo.o
 .debug_macro   0x0000000000021884       0x88 ./Core/Src/Servo.o
 .debug_macro   0x000000000002190c       0x19 ./Core/Src/Servo.o
 .debug_macro   0x0000000000021925       0x11 ./Core/Src/Servo.o
 .debug_macro   0x0000000000021936       0x10 ./Core/Src/Servo.o
 .debug_macro   0x0000000000021946       0x27 ./Core/Src/Servo.o
 .debug_macro   0x000000000002196d       0x11 ./Core/Src/Servo.o
 .debug_macro   0x000000000002197e       0x11 ./Core/Src/Servo.o
 .debug_macro   0x000000000002198f       0x26 ./Core/Src/Servo.o
 .debug_macro   0x00000000000219b5       0x52 ./Core/Src/Servo.o
 .debug_macro   0x0000000000021a07      0x3a0 ./Core/Src/main.o
 .debug_macro   0x0000000000021da7      0x1c4 ./Core/Src/stm32f4xx_hal_msp.o
 .debug_macro   0x0000000000021f6b      0xaa8 ./Core/Src/stm32f4xx_hal_msp.o
 .debug_macro   0x0000000000022a13     0x102d ./Core/Src/stm32f4xx_hal_msp.o
 .debug_macro   0x0000000000023a40      0x174 ./Core/Src/stm32f4xx_hal_msp.o
 .debug_macro   0x0000000000023bb4      0x1ce ./Core/Src/stm32f4xx_it.o
 .debug_macro   0x0000000000023d82      0x274 ./Core/Src/syscalls.o
 .debug_macro   0x0000000000023ff6       0x5b ./Core/Src/syscalls.o
 .debug_macro   0x0000000000024051       0x2a ./Core/Src/syscalls.o
 .debug_macro   0x000000000002407b       0x94 ./Core/Src/syscalls.o
 .debug_macro   0x000000000002410f       0x43 ./Core/Src/syscalls.o
 .debug_macro   0x0000000000024152       0x34 ./Core/Src/syscalls.o
 .debug_macro   0x0000000000024186       0x57 ./Core/Src/syscalls.o
 .debug_macro   0x00000000000241dd      0x369 ./Core/Src/syscalls.o
 .debug_macro   0x0000000000024546       0x16 ./Core/Src/syscalls.o
 .debug_macro   0x000000000002455c       0x43 ./Core/Src/syscalls.o
 .debug_macro   0x000000000002459f       0x34 ./Core/Src/syscalls.o
 .debug_macro   0x00000000000245d3       0x10 ./Core/Src/syscalls.o
 .debug_macro   0x00000000000245e3       0x58 ./Core/Src/syscalls.o
 .debug_macro   0x000000000002463b       0x8e ./Core/Src/syscalls.o
 .debug_macro   0x00000000000246c9       0x1c ./Core/Src/syscalls.o
 .debug_macro   0x00000000000246e5      0x177 ./Core/Src/syscalls.o
 .debug_macro   0x000000000002485c       0x10 ./Core/Src/syscalls.o
 .debug_macro   0x000000000002486c       0x35 ./Core/Src/syscalls.o
 .debug_macro   0x00000000000248a1       0x10 ./Core/Src/syscalls.o
 .debug_macro   0x00000000000248b1       0x10 ./Core/Src/syscalls.o
 .debug_macro   0x00000000000248c1       0x10 ./Core/Src/syscalls.o
 .debug_macro   0x00000000000248d1       0x1c ./Core/Src/syscalls.o
 .debug_macro   0x00000000000248ed       0x52 ./Core/Src/syscalls.o
 .debug_macro   0x000000000002493f       0x22 ./Core/Src/syscalls.o
 .debug_macro   0x0000000000024961       0x10 ./Core/Src/syscalls.o
 .debug_macro   0x0000000000024971       0x52 ./Core/Src/syscalls.o
 .debug_macro   0x00000000000249c3       0xcf ./Core/Src/syscalls.o
 .debug_macro   0x0000000000024a92       0x1c ./Core/Src/syscalls.o
 .debug_macro   0x0000000000024aae       0x3d ./Core/Src/syscalls.o
 .debug_macro   0x0000000000024aeb       0x35 ./Core/Src/syscalls.o
 .debug_macro   0x0000000000024b20      0x12c ./Core/Src/syscalls.o
 .debug_macro   0x0000000000024c4c       0x16 ./Core/Src/syscalls.o
 .debug_macro   0x0000000000024c62       0x16 ./Core/Src/syscalls.o
 .debug_macro   0x0000000000024c78       0x29 ./Core/Src/syscalls.o
 .debug_macro   0x0000000000024ca1       0x10 ./Core/Src/syscalls.o
 .debug_macro   0x0000000000024cb1      0x242 ./Core/Src/syscalls.o
 .debug_macro   0x0000000000024ef3       0x1c ./Core/Src/syscalls.o
 .debug_macro   0x0000000000024f0f       0x10 ./Core/Src/syscalls.o
 .debug_macro   0x0000000000024f1f       0x10 ./Core/Src/syscalls.o
 .debug_macro   0x0000000000024f2f       0x16 ./Core/Src/syscalls.o
 .debug_macro   0x0000000000024f45      0x147 ./Core/Src/syscalls.o
 .debug_macro   0x000000000002508c      0x18a ./Core/Src/syscalls.o
 .debug_macro   0x0000000000025216       0x16 ./Core/Src/syscalls.o
 .debug_macro   0x000000000002522c       0xce ./Core/Src/syscalls.o
 .debug_macro   0x00000000000252fa       0xff ./Core/Src/sysmem.o
 .debug_macro   0x00000000000253f9      0x23c ./Core/Src/sysmem.o
 .debug_macro   0x0000000000025635      0x1ba ./Core/Src/system_stm32f4xx.o
 .debug_macro   0x00000000000257ef      0x21a ./Drivers/STM32F4xx_HAL_Driver/Src/stm32f4xx_hal.o
 .debug_macro   0x0000000000025a09      0x1ba ./Drivers/STM32F4xx_HAL_Driver/Src/stm32f4xx_hal_cortex.o